[PASS] duplicate qualified identity is rejected
[PASS] invalid path rejected: non-list
[PASS] invalid path rejected: empty
[PASS] invalid path rejected: dot
[PASS] invalid path rejected: dot-dot
[PASS] invalid path rejected: slash
[PASS] invalid path rejected: whitespace
[PASS] invalid path rejected: OSC pattern
[PASS] invalid path rejected: percent substitute
[PASS] eight-segment cap includes leaf
[PASS] 255-byte identity cap
[FAIL] path and legacy group are mutually exclusive -- None
[PASS] shape all gain
[PASS] shape all track1/fx/distortion
[PASS] shape 12 gain
[PASS] shape 12 track1/fx/distortion
[PASS] shape g3 gain
[PASS] shape g3 track1/fx/distortion
[PASS] master remains strict and one-valued
[PASS] nested master is rejected
[PASS] argumentless parameter is rejected
[PASS] production relay preserves nested address and args
Traceback (most recent call last):
  File "/home/bob/repos/bopOS/.loom/threads/23-waveform-marker-guard-regression.stitching/sweep/1-contract-model-relay__verify_param_contract_relay.py", line 187, in <module>
    rig.relay(datagram("/12/p/track1/fx/distortion", values), ("127.0.0.1", 40000))
  File "/home/bob/repos/bopOS/tools/audition.py", line 562, in relay
    declaration = self.param_declarations.get(identity)
                  ^^^^^^^^^^^^^^^^^^^^^^^
AttributeError: 'AuditionRig' object has no attribute 'param_declarations'
exiting.  closing server...
