[PASS] real literal-all/UID envelopes reject generalized selectors
ASSIGNED: id 7 name stage-left pos [3.0, 4.0]
[PASS] literal-all same-Seat assignment still works and preserves membership
ASSIGNED: id 8 name stage-right
[PASS] direct reassign clears membership before new Seat routes
UNASSIGNED: node-a
[PASS] unassign clears assignment and membership
[PASS] membership persistence failure retains old state with no receipt
[PASS] failed transition cannot expose a new Seat with old groups
[PASS] simfleet envelope/receipt parity
[PASS] simfleet failed persistence retains state with no receipt
[PASS] simfleet group nested relay matches only members
[PASS] simfleet persists membership with assignment
[PASS] simfleet report membership parity
[PASS] simfleet assignment requires literal all
[PASS] simfleet literal-all same-Seat assignment preserves membership
[PASS] simfleet direct reassign clears membership
[PASS] simfleet unassign clears membership
[PASS] simfleet restart restores safe transition
[PASS] audition envelope/receipt parity
[PASS] audition invalid membership changes nothing and has no receipt
[PASS] audition report membership parity
Traceback (most recent call last):
  File "/home/bob/repos/bopOS/.loom/threads/23-waveform-marker-guard-regression.stitching/sweep/1-protocol-node__verify_group_protocol_node.py", line 366, in <module>
    rig.relay(packet("/g6/p/track1/fx/distortion", 0.5), ("127.0.0.1", 4000))
  File "/home/bob/repos/bopOS/tools/audition.py", line 562, in relay
    declaration = self.param_declarations.get(identity)
                  ^^^^^^^^^^^^^^^^^^^^^^^
AttributeError: 'AuditionRig' object has no attribute 'param_declarations'
exiting.  closing server...
