[PASS] managed simulation decomposes point geometry per virtual seat
[PASS] point values reflect each seat's authored position
[PASS] point clear releases every virtual engine element
[PASS] managed simulation fires bare cues into every virtual engine
[PASS] cue honours leader deadline on the shared host clock
[PASS] virtual cue fan-out remains tightly grouped
Traceback (most recent call last):
  File "/home/bob/repos/bopOS/.loom/threads/23-waveform-marker-guard-regression.stitching/sweep/d8-4-sim-controls__verify_d8_sim_controls.py", line 156, in <module>
    raise SystemExit(asyncio.run(main()))
                     ^^^^^^^^^^^^^^^^^^^
  File "/usr/lib/python3.12/asyncio/runners.py", line 194, in run
    return runner.run(main)
           ^^^^^^^^^^^^^^^^
  File "/usr/lib/python3.12/asyncio/runners.py", line 118, in run
    return self._loop.run_until_complete(task)
           ^^^^^^^^^^^^^^^^^^^^^^^^^^^^^^^^^^^
  File "/usr/lib/python3.12/asyncio/base_events.py", line 687, in run_until_complete
    return future.result()
           ^^^^^^^^^^^^^^^
  File "/home/bob/repos/bopOS/.loom/threads/23-waveform-marker-guard-regression.stitching/sweep/d8-4-sim-controls__verify_d8_sim_controls.py", line 145, in main
    technical.index('id="facilitator-link"') < technical.index("<h1>bopOS</h1>"))
                                               ^^^^^^^^^^^^^^^^^^^^^^^^^^^^^^^^^
ValueError: substring not found
