Traceback (most recent call last):
  File "/home/bob/repos/bopOS/.loom/threads/23-waveform-marker-guard-regression.stitching/sweep/d8-5-rig-reconnect__verify_d8_rig_reconnect.py", line 85, in <module>
    raise SystemExit(asyncio.run(main()))
                     ^^^^^^^^^^^^^^^^^^^
  File "/usr/lib/python3.12/asyncio/runners.py", line 194, in run
    return runner.run(main)
           ^^^^^^^^^^^^^^^^
  File "/usr/lib/python3.12/asyncio/runners.py", line 118, in run
    return self._loop.run_until_complete(task)
           ^^^^^^^^^^^^^^^^^^^^^^^^^^^^^^^^^^^
  File "/usr/lib/python3.12/asyncio/base_events.py", line 687, in run_until_complete
    return future.result()
           ^^^^^^^^^^^^^^^
  File "/home/bob/repos/bopOS/.loom/threads/23-waveform-marker-guard-regression.stitching/sweep/d8-5-rig-reconnect__verify_d8_rig_reconnect.py", line 54, in main
    await dashboard.handle_ws({"type": "action", "data": {
  File "/home/bob/repos/bopOS/dashboard/server.py", line 285, in handle_ws
    return await self.handle_ws(message, ws, supervisor_locked=True)
           ^^^^^^^^^^^^^^^^^^^^^^^^^^^^^^^^^^^^^^^^^^^^^^^^^^^^^^^^^
  File "/home/bob/repos/bopOS/dashboard/server.py", line 438, in handle_ws
    self.osc.uid_action(uid, data["verb"])
    ^^^^^^^^^^^^^^^^^^^
AttributeError: 'FakeOSC' object has no attribute 'uid_action'
