[PASS] cue lead broadcasts to a second client
[PASS] Show cue uses configured forward-sync lead
[PASS] cue lead survives server restart
[PASS] legacy show loads with no forward-sync control
Traceback (most recent call last):
  File "/home/bob/repos/bopOS/.loom/tied/p3-global-transport-and-cue-lead/verify_show_transport.py", line 318, in <module>
    raise SystemExit(main())
                     ^^^^^^
  File "/home/bob/repos/bopOS/.loom/tied/p3-global-transport-and-cue-lead/verify_show_transport.py", line 288, in main
    page.fill("#show-step-alias", "A saved")
  File "/home/bob/.venvs/bopos/lib/python3.12/site-packages/playwright/sync_api/_generated.py", line 11156, in fill
    self._sync(
  File "/home/bob/.venvs/bopos/lib/python3.12/site-packages/playwright/_impl/_sync_base.py", line 115, in _sync
    return task.result()
           ^^^^^^^^^^^^^
  File "/home/bob/.venvs/bopos/lib/python3.12/site-packages/playwright/_impl/_page.py", line 925, in fill
    return await self._main_frame.fill(**locals_to_params(locals()))
           ^^^^^^^^^^^^^^^^^^^^^^^^^^^^^^^^^^^^^^^^^^^^^^^^^^^^^^^^^
  File "/home/bob/.venvs/bopos/lib/python3.12/site-packages/playwright/_impl/_frame.py", line 632, in fill
    await self._fill(**locals_to_params(locals()))
  File "/home/bob/.venvs/bopos/lib/python3.12/site-packages/playwright/_impl/_frame.py", line 644, in _fill
    await self._channel.send("fill", self._timeout, locals_to_params(locals()))
  File "/home/bob/.venvs/bopos/lib/python3.12/site-packages/playwright/_impl/_connection.py", line 69, in send
    return await self._connection.wrap_api_call(
           ^^^^^^^^^^^^^^^^^^^^^^^^^^^^^^^^^^^^^
  File "/home/bob/.venvs/bopos/lib/python3.12/site-packages/playwright/_impl/_connection.py", line 563, in wrap_api_call
    raise rewrite_error(error, f"{parsed_st['apiName']}: {error}") from None
playwright._impl._errors.TimeoutError: Page.fill: Timeout 30000ms exceeded.
Call log:
  - waiting for locator("#show-step-alias")
