[PASS] three sim devices present
[FAIL] point=(2,4) id=1 gain=1.000 -- want=1.0000 got=None
[FAIL] point=(2,4) id=2 gain=0.250 -- want=0.2500 got=None
[FAIL] point=(2,4) id=3 gain=0.000 -- want=0.0000 got=None
[FAIL] point=(5,4) id=1 gain=0.250 -- want=0.2500 got=None
[FAIL] point=(5,4) id=2 gain=1.000 -- want=1.0000 got=None
[FAIL] point=(5,4) id=3 gain=0.250 -- want=0.2500 got=None
[FAIL] point=(8,4) id=1 gain=0.000 -- want=0.0000 got=None
[FAIL] point=(8,4) id=2 gain=0.250 -- want=0.2500 got=None
[FAIL] point=(8,4) id=3 gain=1.000 -- want=1.0000 got=None
[FAIL] static falloff exact across the sweep -- worst err=9.0000
[FAIL] master composes (stored x master x spatial) -- want=0.5 got=None
[FAIL] id=1 reaches full gain as the point passes -- peak=None
[FAIL] id=2 reaches full gain as the point passes -- peak=None
[FAIL] id=3 reaches full gain as the point passes -- peak=None
[FAIL] peaks arrive in spatial order (a<b<c) -- peak order={}
[FAIL] deactivate restores stored x master -- gains={}
[FAIL] set_param still round-trips -- updates=['02:53:49:4d:00:03', '02:53:49:4d:00:03']
[PASS] server logged no traceback

FAILED: point=(2,4) id=1 gain=1.000, point=(2,4) id=2 gain=0.250, point=(2,4) id=3 gain=0.000, point=(5,4) id=1 gain=0.250, point=(5,4) id=2 gain=1.000, point=(5,4) id=3 gain=0.250, point=(8,4) id=1 gain=0.000, point=(8,4) id=2 gain=0.250, point=(8,4) id=3 gain=1.000, static falloff exact across the sweep, master composes (stored x master x spatial), id=1 reaches full gain as the point passes, id=2 reaches full gain as the point passes, id=3 reaches full gain as the point passes, peaks arrive in spatial order (a<b<c), deactivate restores stored x master, set_param still round-trips
