23:25:59 sim1 id=1 sync_skew=-29759300ns
23:25:59 sim2 id=2 sync_skew=24243636ns
23:25:59 sim3 id=3 sync_skew=-2787367ns
23:25:59 sim4 id=4 sync_skew=-5459629ns
23:25:59 sim1 id=1 state=booting
23:25:59 sim2 id=2 state=booting
23:25:59 sim3 id=3 state=booting
23:25:59 sim4 id=4 state=booting
23:26:00 sim1 id=1 state=running
23:26:00 sim2 id=2 state=running
23:26:00 sim3 id=3 state=running
23:26:00 sim4 id=4 state=running
23:26:02 sim1 id=1 sync offset=-29727342ns
23:26:02 sim2 id=2 sync offset=24285553ns
23:26:02 sim3 id=3 sync offset=-2736950ns
23:26:02 sim4 id=4 sync offset=-5403775ns
23:26:02 sim1 id=1 sync offset=-29734592ns
23:26:02 sim2 id=2 sync offset=24258573ns
23:26:02 sim3 id=3 sync offset=-2771731ns
23:26:02 sim4 id=4 sync offset=-5437045ns
23:26:02 sim1 id=1 sync offset=-29735509ns
23:26:02 sim2 id=2 sync offset=24262011ns
23:26:02 sim3 id=3 sync offset=-2763325ns
23:26:02 sim4 id=4 sync offset=-5437525ns
23:26:03 sim1 id=1 sync offset=-29735509ns
23:26:03 sim2 id=2 sync offset=24262011ns
23:26:03 sim3 id=3 sync offset=-2763325ns
23:26:03 sim4 id=4 sync offset=-5437525ns
23:26:03 sim1 id=1 sync offset=-29734332ns
23:26:03 sim2 id=2 sync offset=24265927ns
23:26:03 sim3 id=3 sync offset=-2763690ns
23:26:03 sim4 id=4 sync offset=-5437306ns
23:26:04 sim1 id=1 sync offset=-29734332ns
23:26:04 sim2 id=2 sync offset=24262011ns
23:26:04 sim3 id=3 sync offset=-2764055ns
23:26:04 sim4 id=4 sync offset=-5437525ns
23:26:04 sim1 id=1 sync offset=-29734332ns
23:26:04 sim2 id=2 sync offset=24262011ns
23:26:04 sim3 id=3 sync offset=-2763690ns
23:26:04 sim4 id=4 sync offset=-5437306ns
23:26:05 sim1 id=1 sync offset=-29735509ns
23:26:05 sim2 id=2 sync offset=24255281ns
23:26:05 sim3 id=3 sync offset=-2764055ns
23:26:05 sim4 id=4 sync offset=-5437525ns
23:26:05 sim1 id=1 sync offset=-29735509ns
23:26:05 sim2 id=2 sync offset=24262011ns
23:26:05 sim3 id=3 sync offset=-2763690ns
23:26:05 sim4 id=4 sync offset=-5437306ns
23:26:06 sim1 id=1 sync offset=-29735675ns
23:26:06 sim2 id=2 sync offset=24261792ns
23:26:06 sim3 id=3 sync offset=-2764055ns
23:26:06 sim4 id=4 sync offset=-5437088ns
23:26:06 sim1 id=1 sync offset=-29735509ns
23:26:06 sim2 id=2 sync offset=24262011ns
23:26:06 sim3 id=3 sync offset=-2765232ns
23:26:06 sim4 id=4 sync offset=-5437306ns
23:26:07 sim1 id=1 sync offset=-29734582ns
23:26:07 sim2 id=2 sync offset=24263063ns
23:26:07 sim3 id=3 sync offset=-2764055ns
23:26:07 sim4 id=4 sync offset=-5437525ns
23:26:08 sim1 id=1 sync offset=-29733655ns
23:26:08 sim2 id=2 sync offset=24264115ns
23:26:08 sim3 id=3 sync offset=-2763690ns
23:26:08 sim4 id=4 sync offset=-5437306ns
23:26:08 sim1 id=1 sync offset=-29733405ns
23:26:08 sim2 id=2 sync offset=24266271ns
23:26:08 sim3 id=3 sync offset=-2763325ns
23:26:08 sim4 id=4 sync offset=-5437088ns
23:26:09 sim1 id=1 sync offset=-29733155ns
23:26:09 sim2 id=2 sync offset=24264115ns
23:26:09 sim3 id=3 sync offset=-2763690ns
23:26:09 sim4 id=4 sync offset=-5437525ns
23:26:09 sim1 id=1 sync offset=-29733405ns
23:26:09 sim2 id=2 sync offset=24263063ns
23:26:09 sim3 id=3 sync offset=-2764055ns
23:26:09 sim4 id=4 sync offset=-5437744ns
23:26:10 sim1 id=1 sync offset=-29733405ns
23:26:10 sim2 id=2 sync offset=24264427ns
23:26:10 sim3 id=3 sync offset=-2764055ns
23:26:10 sim4 id=4 sync offset=-5437744ns
23:26:10 sim1 id=1 sync offset=-29733155ns
23:26:10 sim2 id=2 sync offset=24267292ns
23:26:10 sim3 id=3 sync offset=-2764055ns
23:26:10 sim4 id=4 sync offset=-5437744ns
23:26:11 sim1 id=1 sync offset=-29729905ns
23:26:11 sim2 id=2 sync offset=24269406ns
23:26:11 sim3 id=3 sync offset=-2766409ns
23:26:11 sim4 id=4 sync offset=-5440452ns
23:26:11 sim1 id=1 sync offset=-29729905ns
23:26:11 sim2 id=2 sync offset=24269406ns
23:26:11 sim3 id=3 sync offset=-2766409ns
23:26:11 sim4 id=4 sync offset=-5440452ns
23:26:12 sim1 id=1 sync offset=-29730155ns
23:26:12 sim2 id=2 sync offset=24266854ns
23:26:12 sim3 id=3 sync offset=-2767326ns
23:26:12 sim4 id=4 sync offset=-5443806ns
23:26:12 sim1 id=1 sync offset=-29727394ns
23:26:12 sim2 id=2 sync offset=24266854ns
23:26:12 sim3 id=3 sync offset=-2767326ns
23:26:12 sim4 id=4 sync offset=-5443806ns
23:26:13 sim1 id=1 sync offset=-29728134ns
23:26:13 sim2 id=2 sync offset=24264740ns
23:26:13 sim3 id=3 sync offset=-2768263ns
23:26:13 sim4 id=4 sync offset=-5448671ns
23:26:13 sim1 id=1 sync offset=-29726655ns
23:26:13 sim2 id=2 sync offset=24266854ns
23:26:13 sim3 id=3 sync offset=-2767326ns
23:26:13 sim4 id=4 sync offset=-5444671ns
23:26:14 sim1 id=1 sync offset=-29727394ns
23:26:14 sim2 id=2 sync offset=24268969ns
23:26:14 sim3 id=3 sync offset=-2767326ns
23:26:14 sim4 id=4 sync offset=-5444671ns
23:26:14 sim1 id=1 sync offset=-29726655ns
23:26:14 sim2 id=2 sync offset=24270074ns
23:26:14 sim3 id=3 sync offset=-2767326ns
23:26:14 sim4 id=4 sync offset=-5444671ns
23:26:15 sim1 id=1 sync offset=-29726655ns
23:26:15 sim2 id=2 sync offset=24270074ns
23:26:15 sim3 id=3 sync offset=-2767326ns
23:26:15 sim4 id=4 sync offset=-5444942ns
23:26:15 sim1 id=1 sync offset=-29727394ns
23:26:15 sim2 id=2 sync offset=24269521ns
23:26:15 sim3 id=3 sync offset=-2768263ns
23:26:15 sim4 id=4 sync offset=-5448806ns
23:26:16 sim1 id=1 sync offset=-29727394ns
23:26:16 sim2 id=2 sync offset=24269521ns
23:26:16 sim3 id=3 sync offset=-2768263ns
23:26:16 sim4 id=4 sync offset=-5452671ns
23:26:16 sim1 id=1 sync offset=-29728134ns
23:26:16 sim2 id=2 sync offset=24268969ns
23:26:16 sim3 id=3 sync offset=-2769200ns
23:26:16 sim4 id=4 sync offset=-5454067ns
23:26:17 sim1 id=1 sync offset=-29730467ns
23:26:17 sim2 id=2 sync offset=24266865ns
23:26:17 sim3 id=3 sync offset=-2771794ns
23:26:17 sim4 id=4 sync offset=-5452671ns
23:26:17 sim1 id=1 sync offset=-29732425ns
23:26:17 sim2 id=2 sync offset=24264740ns
23:26:17 sim3 id=3 sync offset=-2769200ns
23:26:17 sim4 id=4 sync offset=-5452452ns
23:26:18 sim1 id=1 sync offset=-29730467ns
23:26:18 sim2 id=2 sync offset=24265948ns
23:26:18 sim3 id=3 sync offset=-2771794ns
23:26:18 sim4 id=4 sync offset=-5452234ns
23:26:18 sim1 id=1 sync offset=-29732425ns
23:26:18 sim2 id=2 sync offset=24265115ns
23:26:18 sim3 id=3 sync offset=-2774388ns
23:26:18 sim4 id=4 sync offset=-5452452ns
23:26:19 sim1 id=1 sync offset=-29734383ns
23:26:19 sim2 id=2 sync offset=24262927ns
23:26:19 sim3 id=3 sync offset=-2771596ns
23:26:19 sim4 id=4 sync offset=-5452234ns
23:26:19 sim1 id=1 sync offset=-29734383ns
23:26:19 sim2 id=2 sync offset=24262927ns
23:26:19 sim3 id=3 sync offset=-2771596ns
23:26:19 sim4 id=4 sync offset=-5448588ns
23:26:20 sim1 id=1 sync offset=-29729300ns
23:26:20 sim2 id=2 sync offset=24265115ns
23:26:20 sim3 id=3 sync offset=-2768804ns
23:26:20 sim4 id=4 sync offset=-5444942ns
23:26:20 sim1 id=1 sync offset=-29730467ns
23:26:20 sim2 id=2 sync offset=24267303ns
23:26:20 sim3 id=3 sync offset=-2767263ns
23:26:20 sim4 id=4 sync offset=-5443733ns
23:26:20 sim1 id=1 sync offset=-29727196ns
23:26:20 sim2 id=2 sync offset=24270157ns
23:26:20 sim3 id=3 sync offset=-2765722ns
23:26:20 sim4 id=4 sync offset=-5442525ns
23:26:21 sim1 id=1 sync offset=-29734144ns
23:26:21 sim2 id=2 sync offset=24273105ns
23:26:21 sim3 id=3 sync offset=-2763065ns
23:26:21 sim4 id=4 sync offset=-5439400ns
23:26:21 sim1 id=1 sync offset=-29732467ns
23:26:21 sim2 id=2 sync offset=24273199ns
23:26:21 sim3 id=3 sync offset=-2765722ns
23:26:21 sim4 id=4 sync offset=-5442525ns
23:26:22 sim1 id=1 sync offset=-29732467ns
23:26:22 sim2 id=2 sync offset=24267855ns
23:26:22 sim3 id=3 sync offset=-2767263ns
23:26:22 sim4 id=4 sync offset=-5443733ns
23:26:22 sim1 id=1 sync offset=-29731467ns
23:26:22 sim2 id=2 sync offset=24273199ns
23:26:22 sim3 id=3 sync offset=-2765722ns
23:26:22 sim4 id=4 sync offset=-5442525ns
23:26:23 sim4 id=4 event m0 fired dev_deadline=610556862861225 fire_mono=610556869386125
23:26:23 sim3 id=3 event m0 fired dev_deadline=610556865537695 fire_mono=610556869433000
23:26:23 sim2 id=2 event m0 fired dev_deadline=610556892572813 fire_mono=610556869449041
23:26:23 sim1 id=1 event m0 fired dev_deadline=610556838572491 fire_mono=610556869457083
23:26:23 sim1 id=1 sync offset=-29731467ns
23:26:23 sim2 id=2 sync offset=24273199ns
23:26:23 sim3 id=3 sync offset=-2765722ns
23:26:23 sim4 id=4 sync offset=-5442525ns
23:26:23 sim4 id=4 event m1 fired dev_deadline=610556965067683 fire_mono=610556971462583
23:26:23 sim3 id=3 event m1 fired dev_deadline=610556967744486 fire_mono=610556971535500
23:26:23 sim2 id=2 event m1 fired dev_deadline=610556994783407 fire_mono=610556971560583
23:26:23 sim1 id=1 event m1 fired dev_deadline=610556940778741 fire_mono=610556971578833
23:26:23 sim4 id=4 event m2 fired dev_deadline=610557065845808 fire_mono=610557075228708
23:26:23 sim3 id=3 event m2 fired dev_deadline=610557068522611 fire_mono=610557075301666
23:26:23 sim2 id=2 event m2 fired dev_deadline=610557095561532 fire_mono=610557075326333
23:26:23 sim1 id=1 event m2 fired dev_deadline=610557041556866 fire_mono=610557075342291
23:26:23 sim4 id=4 event m3 fired dev_deadline=610557168026100 fire_mono=610557174269125
23:26:23 sim3 id=3 event m3 fired dev_deadline=610557170702903 fire_mono=610557174345041
23:26:23 sim2 id=2 event m3 fired dev_deadline=610557197741824 fire_mono=610557174369500
23:26:23 sim1 id=1 event m3 fired dev_deadline=610557143737158 fire_mono=610557174386541
23:26:23 sim4 id=4 event m4 fired dev_deadline=610557268867308 fire_mono=610557281266583
23:26:23 sim3 id=3 event m4 fired dev_deadline=610557271544111 fire_mono=610557281331458
23:26:23 sim1 id=1 event m4 fired dev_deadline=610557244578366 fire_mono=610557281355083
23:26:23 sim2 id=2 event m4 fired dev_deadline=610557298583032 fire_mono=610557281371708
23:26:23 sim4 id=4 event m5 fired dev_deadline=610557369537808 fire_mono=610557381269291
23:26:23 sim3 id=3 event m5 fired dev_deadline=610557372214611 fire_mono=610557381359750
23:26:23 sim1 id=1 event m5 fired dev_deadline=610557345248866 fire_mono=610557381387125
23:26:23 sim2 id=2 event m5 fired dev_deadline=610557399253532 fire_mono=610557381405500
23:26:24 sim4 id=4 event m6 fired dev_deadline=610557471009391 fire_mono=610557483779333
23:26:24 sim3 id=3 event m6 fired dev_deadline=610557473686194 fire_mono=610557483859000
23:26:24 sim1 id=1 event m6 fired dev_deadline=610557446720449 fire_mono=610557483886125
23:26:24 sim2 id=2 event m6 fired dev_deadline=610557500725115 fire_mono=610557483908791
23:26:24 sim1 id=1 sync offset=-29734144ns
23:26:24 sim2 id=2 sync offset=24262511ns
23:26:24 sim3 id=3 sync offset=-2768804ns
23:26:24 sim4 id=4 sync offset=-5442525ns
23:26:24 sim4 id=4 event m7 fired dev_deadline=610557571310766 fire_mono=610557576831666
23:26:24 sim3 id=3 event m7 fired dev_deadline=610557573987569 fire_mono=610557576903833
23:26:24 sim2 id=2 event m7 fired dev_deadline=610557601026490 fire_mono=610557576929666
23:26:24 sim1 id=1 event m7 fired dev_deadline=610557547021824 fire_mono=610557576939458
23:26:24 sim4 id=4 event m8 fired dev_deadline=610557673427558 fire_mono=610557688166541
23:26:24 sim3 id=3 event m8 fired dev_deadline=610557676104361 fire_mono=610557688210208
23:26:24 sim2 id=2 event m8 fired dev_deadline=610557703143282 fire_mono=610557688223250
23:26:24 sim1 id=1 event m8 fired dev_deadline=610557649138616 fire_mono=610557688230791
23:26:24 sim4 id=4 event m9 fired dev_deadline=610557775613891 fire_mono=610557790279875
23:26:24 sim3 id=3 event m9 fired dev_deadline=610557778290694 fire_mono=610557790320041
23:26:24 sim2 id=2 event m9 fired dev_deadline=610557805329615 fire_mono=610557790333750
23:26:24 sim1 id=1 event m9 fired dev_deadline=610557751324949 fire_mono=610557790344833
23:26:24 sim4 id=4 event m10 fired dev_deadline=610557877766600 fire_mono=610557883723958
23:26:24 sim3 id=3 event m10 fired dev_deadline=610557880443403 fire_mono=610557883798000
23:26:24 sim2 id=2 event m10 fired dev_deadline=610557907482324 fire_mono=610557883824791
23:26:24 sim1 id=1 event m10 fired dev_deadline=610557853477658 fire_mono=610557883845583
23:26:24 sim4 id=4 event m11 fired dev_deadline=610557978328266 fire_mono=610557990770875
23:26:24 sim3 id=3 event m11 fired dev_deadline=610557981005069 fire_mono=610557990934750
23:26:24 sim2 id=2 event m11 fired dev_deadline=610558008043990 fire_mono=610557991006000
23:26:24 sim1 id=1 event m11 fired dev_deadline=610557954039324 fire_mono=610557991101333
23:26:24 sim1 id=1 sync offset=-29732467ns
23:26:24 sim2 id=2 sync offset=24262511ns
23:26:24 sim3 id=3 sync offset=-2768804ns
23:26:24 sim4 id=4 sync offset=-5442525ns
23:26:24 sim4 id=4 event m12 fired dev_deadline=610558080477683 fire_mono=610558095601791
23:26:24 sim3 id=3 event m12 fired dev_deadline=610558083151404 fire_mono=610558095677416
23:26:24 sim2 id=2 event m12 fired dev_deadline=610558110182719 fire_mono=610558095700708
23:26:24 sim1 id=1 event m12 fired dev_deadline=610558056186064 fire_mono=610558095715791
23:26:24 sim4 id=4 event m13 fired dev_deadline=610558182594850 fire_mono=610558192683500
23:26:24 sim3 id=3 event m13 fired dev_deadline=610558185268571 fire_mono=610558192759083
23:26:24 sim2 id=2 event m13 fired dev_deadline=610558212299886 fire_mono=610558192782958
23:26:24 sim1 id=1 event m13 fired dev_deadline=610558158303231 fire_mono=610558192799625
23:26:24 sim4 id=4 event m14 fired dev_deadline=610558284710141 fire_mono=610558293508416
23:26:24 sim3 id=3 event m14 fired dev_deadline=610558287383862 fire_mono=610558293585208
23:26:24 sim2 id=2 event m14 fired dev_deadline=610558314415177 fire_mono=610558293611083
23:26:24 sim1 id=1 event m14 fired dev_deadline=610558260418522 fire_mono=610558293629291
23:26:24 sim4 id=4 event m15 fired dev_deadline=610558386848141 fire_mono=610558394959250
23:26:24 sim3 id=3 event m15 fired dev_deadline=610558389521862 fire_mono=610558395036750
23:26:24 sim2 id=2 event m15 fired dev_deadline=610558416553177 fire_mono=610558395062625
23:26:24 sim1 id=1 event m15 fired dev_deadline=610558362556522 fire_mono=610558395080666
23:26:25 sim4 id=4 event m16 fired dev_deadline=610558488004100 fire_mono=610558494495750
23:26:25 sim3 id=3 event m16 fired dev_deadline=610558490677821 fire_mono=610558494577916
23:26:25 sim2 id=2 event m16 fired dev_deadline=610558517709136 fire_mono=610558494603916
23:26:25 sim1 id=1 event m16 fired dev_deadline=610558463712481 fire_mono=610558494623791
23:26:25 sim4 id=4 event m17 fired dev_deadline=610558590205725 fire_mono=610558602187583
23:26:25 sim3 id=3 event m17 fired dev_deadline=610558592879446 fire_mono=610558602268041
23:26:25 sim2 id=2 event m17 fired dev_deadline=610558619910761 fire_mono=610558602298333
23:26:25 sim1 id=1 event m17 fired dev_deadline=610558565915783 fire_mono=610558602316583
23:26:25 sim1 id=1 sync offset=-29734144ns
23:26:25 sim2 id=2 sync offset=24262511ns
23:26:25 sim3 id=3 sync offset=-2768804ns
23:26:25 sim4 id=4 sync offset=-5442525ns
23:26:25 sim4 id=4 event m18 fired dev_deadline=610558690824808 fire_mono=610558697486166
23:26:25 sim3 id=3 event m18 fired dev_deadline=610558693498529 fire_mono=610558697565875
23:26:25 sim2 id=2 event m18 fired dev_deadline=610558720529844 fire_mono=610558697589333
23:26:25 sim1 id=1 event m18 fired dev_deadline=610558666534866 fire_mono=610558697604125
23:26:25 sim4 id=4 event m19 fired dev_deadline=610558793052850 fire_mono=610558806653958
23:26:25 sim3 id=3 event m19 fired dev_deadline=610558795726571 fire_mono=610558806729125
23:26:25 sim2 id=2 event m19 fired dev_deadline=610558822757886 fire_mono=610558806751958
23:26:25 sim1 id=1 event m19 fired dev_deadline=610558768762908 fire_mono=610558806767500
23:26:25 sim1 id=1 sync offset=-29732467ns
23:26:25 sim2 id=2 sync offset=24260688ns
23:26:25 sim3 id=3 sync offset=-2778627ns
23:26:25 sim4 id=4 sync offset=-5454119ns
