23:26:26 sim1 id=1 sync_skew=-19406961ns
23:26:26 sim2 id=2 sync_skew=13175321ns
23:26:26 sim3 id=3 sync_skew=-30664276ns
23:26:26 sim4 id=4 sync_skew=-36554908ns
23:26:26 sim5 id=5 sync_skew=15187153ns
23:26:26 sim6 id=6 sync_skew=-36649326ns
23:26:26 sim7 id=7 sync_skew=-9725090ns
23:26:26 sim8 id=8 sync_skew=37689794ns
23:26:26 sim9 id=9 sync_skew=33995460ns
23:26:26 sim10 id=10 sync_skew=-10716812ns
23:26:26 sim11 id=11 sync_skew=15854978ns
23:26:26 sim12 id=12 sync_skew=26920024ns
23:26:26 sim13 id=13 sync_skew=2464728ns
23:26:26 sim14 id=14 sync_skew=-20104549ns
23:26:26 sim15 id=15 sync_skew=39787479ns
23:26:26 sim16 id=16 sync_skew=-25079666ns
23:26:26 sim1 id=1 state=booting
23:26:26 sim2 id=2 state=booting
23:26:26 sim3 id=3 state=booting
23:26:26 sim4 id=4 state=booting
23:26:26 sim5 id=5 state=booting
23:26:26 sim6 id=6 state=booting
23:26:26 sim7 id=7 state=booting
23:26:26 sim8 id=8 state=booting
23:26:26 sim9 id=9 state=booting
23:26:26 sim10 id=10 state=booting
23:26:26 sim11 id=11 state=booting
23:26:26 sim12 id=12 state=booting
23:26:26 sim13 id=13 state=booting
23:26:26 sim14 id=14 state=booting
23:26:26 sim15 id=15 state=booting
23:26:26 sim16 id=16 state=booting
23:26:27 sim1 id=1 state=running
23:26:27 sim2 id=2 state=running
23:26:27 sim3 id=3 state=running
23:26:27 sim4 id=4 state=running
23:26:27 sim5 id=5 state=running
23:26:27 sim6 id=6 state=running
23:26:27 sim7 id=7 state=running
23:26:27 sim8 id=8 state=running
23:26:27 sim9 id=9 state=running
23:26:27 sim10 id=10 state=running
23:26:27 sim11 id=11 state=running
23:26:27 sim12 id=12 state=running
23:26:27 sim13 id=13 state=running
23:26:27 sim14 id=14 state=running
23:26:27 sim15 id=15 state=running
23:26:27 sim16 id=16 state=running
23:26:28 sim1 id=1 sync offset=-19385263ns
23:26:28 sim2 id=2 sync offset=13206539ns
23:26:28 sim3 id=3 sync offset=-30632588ns
23:26:28 sim4 id=4 sync offset=-36517908ns
23:26:28 sim5 id=5 sync offset=15228132ns
23:26:28 sim6 id=6 sync offset=-36604931ns
23:26:28 sim7 id=7 sync offset=-9652986ns
23:26:28 sim8 id=8 sync offset=37768398ns
23:26:28 sim9 id=9 sync offset=34080356ns
23:26:28 sim10 id=10 sync offset=-10670479ns
23:26:28 sim11 id=11 sync offset=15915592ns
23:26:28 sim12 id=12 sync offset=26979899ns
23:26:28 sim13 id=13 sync offset=2605311ns
23:26:28 sim14 id=14 sync offset=-19958216ns
23:26:28 sim15 id=15 sync offset=39938916ns
23:26:28 sim16 id=16 sync offset=-24920938ns
23:26:28 sim1 id=1 sync offset=-19380357ns
23:26:28 sim2 id=2 sync offset=13203008ns
23:26:28 sim3 id=3 sync offset=-30644672ns
23:26:28 sim4 id=4 sync offset=-36530429ns
23:26:28 sim5 id=5 sync offset=15213278ns
23:26:28 sim6 id=6 sync offset=-36622264ns
23:26:28 sim7 id=7 sync offset=-9674819ns
23:26:28 sim8 id=8 sync offset=37743981ns
23:26:28 sim9 id=9 sync offset=34045324ns
23:26:28 sim10 id=10 sync offset=-10711708ns
23:26:28 sim11 id=11 sync offset=15915592ns
23:26:28 sim12 id=12 sync offset=26979899ns
23:26:28 sim13 id=13 sync offset=2605311ns
23:26:28 sim14 id=14 sync offset=-19958216ns
23:26:28 sim15 id=15 sync offset=39938916ns
23:26:28 sim16 id=16 sync offset=-24920938ns
23:26:29 sim1 id=1 sync offset=-19379430ns
23:26:29 sim2 id=2 sync offset=13205779ns
23:26:29 sim3 id=3 sync offset=-30637432ns
23:26:29 sim4 id=4 sync offset=-36520450ns
23:26:29 sim5 id=5 sync offset=15228132ns
23:26:29 sim6 id=6 sync offset=-36604931ns
23:26:29 sim7 id=7 sync offset=-9659611ns
23:26:29 sim8 id=8 sync offset=37768398ns
23:26:29 sim9 id=9 sync offset=34080356ns
23:26:29 sim10 id=10 sync offset=-10670479ns
23:26:29 sim11 id=11 sync offset=15926228ns
23:26:29 sim12 id=12 sync offset=26984378ns
23:26:29 sim13 id=13 sync offset=2567613ns
23:26:29 sim14 id=14 sync offset=-19994236ns
23:26:29 sim15 id=15 sync offset=39901114ns
23:26:29 sim16 id=16 sync offset=-24962708ns
23:26:29 sim1 id=1 sync offset=-19378503ns
23:26:29 sim2 id=2 sync offset=13205779ns
23:26:29 sim3 id=3 sync offset=-30637432ns
23:26:29 sim4 id=4 sync offset=-36520450ns
23:26:29 sim5 id=5 sync offset=15228132ns
23:26:29 sim6 id=6 sync offset=-36604931ns
23:26:29 sim7 id=7 sync offset=-9659611ns
23:26:29 sim8 id=8 sync offset=37768398ns
23:26:29 sim9 id=9 sync offset=34080356ns
23:26:29 sim10 id=10 sync offset=-10670479ns
23:26:29 sim11 id=11 sync offset=15926228ns
23:26:29 sim12 id=12 sync offset=26984378ns
23:26:29 sim13 id=13 sync offset=2567613ns
23:26:29 sim14 id=14 sync offset=-19994236ns
23:26:29 sim15 id=15 sync offset=39901114ns
23:26:29 sim16 id=16 sync offset=-24962708ns
23:26:30 sim1 id=1 sync offset=-19378503ns
23:26:30 sim2 id=2 sync offset=13205779ns
23:26:30 sim3 id=3 sync offset=-30637432ns
23:26:30 sim4 id=4 sync offset=-36520450ns
23:26:30 sim5 id=5 sync offset=15228132ns
23:26:30 sim6 id=6 sync offset=-36604931ns
23:26:30 sim7 id=7 sync offset=-9659611ns
23:26:30 sim8 id=8 sync offset=37768398ns
23:26:30 sim9 id=9 sync offset=34080356ns
23:26:30 sim10 id=10 sync offset=-10670479ns
23:26:30 sim11 id=11 sync offset=15926228ns
23:26:30 sim12 id=12 sync offset=26984378ns
23:26:30 sim13 id=13 sync offset=2567613ns
23:26:30 sim14 id=14 sync offset=-19994236ns
23:26:30 sim15 id=15 sync offset=39901114ns
23:26:30 sim16 id=16 sync offset=-24962708ns
23:26:30 sim1 id=1 sync offset=-19376773ns
23:26:30 sim2 id=2 sync offset=13203008ns
23:26:30 sim3 id=3 sync offset=-30637360ns
23:26:30 sim4 id=4 sync offset=-36510471ns
23:26:30 sim5 id=5 sync offset=15242986ns
23:26:30 sim6 id=6 sync offset=-36587598ns
23:26:30 sim7 id=7 sync offset=-9659329ns
23:26:30 sim8 id=8 sync offset=37763908ns
23:26:30 sim9 id=9 sync offset=34071501ns
23:26:30 sim10 id=10 sync offset=-10647187ns
23:26:30 sim11 id=11 sync offset=15935082ns
23:26:30 sim12 id=12 sync offset=26984378ns
23:26:30 sim13 id=13 sync offset=2567613ns
23:26:30 sim14 id=14 sync offset=-19994236ns
23:26:30 sim15 id=15 sync offset=39901114ns
23:26:30 sim16 id=16 sync offset=-24962708ns
23:26:31 sim1 id=1 sync offset=-19379430ns
23:26:31 sim2 id=2 sync offset=13202237ns
23:26:31 sim3 id=3 sync offset=-30641016ns
23:26:31 sim4 id=4 sync offset=-36520450ns
23:26:31 sim5 id=5 sync offset=15228132ns
23:26:31 sim6 id=6 sync offset=-36604931ns
23:26:31 sim7 id=7 sync offset=-9659329ns
23:26:31 sim8 id=8 sync offset=37763908ns
23:26:31 sim9 id=9 sync offset=34071501ns
23:26:31 sim10 id=10 sync offset=-10647187ns
23:26:31 sim11 id=11 sync offset=15935082ns
23:26:31 sim12 id=12 sync offset=26984378ns
23:26:31 sim13 id=13 sync offset=2567613ns
23:26:31 sim14 id=14 sync offset=-19994236ns
23:26:31 sim15 id=15 sync offset=39901114ns
23:26:31 sim16 id=16 sync offset=-24962708ns
23:26:31 sim1 id=1 sync offset=-19379430ns
23:26:31 sim2 id=2 sync offset=13202237ns
23:26:31 sim3 id=3 sync offset=-30641016ns
23:26:31 sim4 id=4 sync offset=-36520450ns
23:26:31 sim5 id=5 sync offset=15228132ns
23:26:31 sim6 id=6 sync offset=-36604931ns
23:26:31 sim7 id=7 sync offset=-9659329ns
23:26:31 sim8 id=8 sync offset=37763908ns
23:26:31 sim9 id=9 sync offset=34071501ns
23:26:31 sim10 id=10 sync offset=-10647187ns
23:26:31 sim11 id=11 sync offset=15935082ns
23:26:31 sim12 id=12 sync offset=26984378ns
23:26:31 sim13 id=13 sync offset=2567613ns
23:26:31 sim14 id=14 sync offset=-19994236ns
23:26:31 sim15 id=15 sync offset=39901114ns
23:26:31 sim16 id=16 sync offset=-24962708ns
23:26:32 sim1 id=1 sync offset=-19380357ns
23:26:32 sim2 id=2 sync offset=13201467ns
23:26:32 sim3 id=3 sync offset=-30643359ns
23:26:32 sim4 id=4 sync offset=-36530429ns
23:26:32 sim5 id=5 sync offset=15213278ns
23:26:32 sim6 id=6 sync offset=-36622264ns
23:26:32 sim7 id=7 sync offset=-9659329ns
23:26:32 sim8 id=8 sync offset=37763908ns
23:26:32 sim9 id=9 sync offset=34071501ns
23:26:32 sim10 id=10 sync offset=-10647187ns
23:26:32 sim11 id=11 sync offset=15935082ns
23:26:32 sim12 id=12 sync offset=26984378ns
23:26:32 sim13 id=13 sync offset=2567613ns
23:26:32 sim14 id=14 sync offset=-19994236ns
23:26:32 sim15 id=15 sync offset=39901114ns
23:26:32 sim16 id=16 sync offset=-24962708ns
23:26:32 sim1 id=1 sync offset=-19380357ns
23:26:32 sim2 id=2 sync offset=13201467ns
23:26:32 sim3 id=3 sync offset=-30641869ns
23:26:32 sim4 id=4 sync offset=-36530429ns
23:26:32 sim5 id=5 sync offset=15213278ns
23:26:32 sim6 id=6 sync offset=-36622264ns
23:26:32 sim7 id=7 sync offset=-9659329ns
23:26:32 sim8 id=8 sync offset=37763908ns
23:26:32 sim9 id=9 sync offset=34071501ns
23:26:32 sim10 id=10 sync offset=-10647187ns
23:26:32 sim11 id=11 sync offset=15935082ns
23:26:32 sim12 id=12 sync offset=26984378ns
23:26:32 sim13 id=13 sync offset=2567613ns
23:26:32 sim14 id=14 sync offset=-19994236ns
23:26:32 sim15 id=15 sync offset=39901114ns
23:26:32 sim16 id=16 sync offset=-24962708ns
23:26:33 sim1 id=1 sync offset=-19380357ns
23:26:33 sim2 id=2 sync offset=13201467ns
23:26:33 sim3 id=3 sync offset=-30640380ns
23:26:33 sim4 id=4 sync offset=-36530429ns
23:26:33 sim5 id=5 sync offset=15213278ns
23:26:33 sim6 id=6 sync offset=-36622264ns
23:26:33 sim7 id=7 sync offset=-9659329ns
23:26:33 sim8 id=8 sync offset=37763908ns
23:26:33 sim9 id=9 sync offset=34071501ns
23:26:33 sim10 id=10 sync offset=-10647187ns
23:26:33 sim11 id=11 sync offset=15935082ns
23:26:33 sim12 id=12 sync offset=26984378ns
23:26:33 sim13 id=13 sync offset=2567613ns
23:26:33 sim14 id=14 sync offset=-19994236ns
23:26:33 sim15 id=15 sync offset=39901114ns
23:26:33 sim16 id=16 sync offset=-24962708ns
23:26:33 sim1 id=1 sync offset=-19380357ns
23:26:33 sim2 id=2 sync offset=13201467ns
23:26:33 sim3 id=3 sync offset=-30641869ns
23:26:33 sim4 id=4 sync offset=-36534304ns
23:26:33 sim5 id=5 sync offset=15209361ns
23:26:33 sim6 id=6 sync offset=-36626545ns
23:26:33 sim7 id=7 sync offset=-9659611ns
23:26:33 sim8 id=8 sync offset=37763908ns
23:26:33 sim9 id=9 sync offset=34071501ns
23:26:33 sim10 id=10 sync offset=-10647187ns
23:26:33 sim11 id=11 sync offset=15935082ns
23:26:33 sim12 id=12 sync offset=26984378ns
23:26:33 sim13 id=13 sync offset=2567613ns
23:26:33 sim14 id=14 sync offset=-19994236ns
23:26:33 sim15 id=15 sync offset=39901114ns
23:26:33 sim16 id=16 sync offset=-24962708ns
23:26:34 sim1 id=1 sync offset=-19380409ns
23:26:34 sim2 id=2 sync offset=13199477ns
23:26:34 sim3 id=3 sync offset=-30643359ns
23:26:34 sim4 id=4 sync offset=-36538179ns
23:26:34 sim5 id=5 sync offset=15205444ns
23:26:34 sim6 id=6 sync offset=-36630827ns
23:26:34 sim7 id=7 sync offset=-9678132ns
23:26:34 sim8 id=8 sync offset=37759419ns
23:26:34 sim9 id=9 sync offset=34062647ns
23:26:34 sim10 id=10 sync offset=-10679447ns
23:26:34 sim11 id=11 sync offset=15935082ns
23:26:34 sim12 id=12 sync offset=26984378ns
23:26:34 sim13 id=13 sync offset=2567613ns
23:26:34 sim14 id=14 sync offset=-19994236ns
23:26:34 sim15 id=15 sync offset=39901114ns
23:26:34 sim16 id=16 sync offset=-24962708ns
23:26:34 sim1 id=1 sync offset=-19380357ns
23:26:34 sim2 id=2 sync offset=13201467ns
23:26:34 sim3 id=3 sync offset=-30641869ns
23:26:34 sim4 id=4 sync offset=-36534304ns
23:26:34 sim5 id=5 sync offset=15209361ns
23:26:34 sim6 id=6 sync offset=-36626545ns
23:26:34 sim7 id=7 sync offset=-9680487ns
23:26:34 sim8 id=8 sync offset=37746408ns
23:26:34 sim9 id=9 sync offset=34051532ns
23:26:34 sim10 id=10 sync offset=-10668833ns
23:26:34 sim11 id=11 sync offset=15926228ns
23:26:34 sim12 id=12 sync offset=26979648ns
23:26:34 sim13 id=13 sync offset=2529915ns
23:26:34 sim14 id=14 sync offset=-19994236ns
23:26:34 sim15 id=15 sync offset=39901114ns
23:26:34 sim16 id=16 sync offset=-24962708ns
23:26:35 sim1 id=1 sync offset=-19380357ns
23:26:35 sim2 id=2 sync offset=13199477ns
23:26:35 sim3 id=3 sync offset=-30643359ns
23:26:35 sim4 id=4 sync offset=-36534304ns
23:26:35 sim5 id=5 sync offset=15209361ns
23:26:35 sim6 id=6 sync offset=-36630827ns
23:26:35 sim7 id=7 sync offset=-9688570ns
23:26:35 sim8 id=8 sync offset=37733398ns
23:26:35 sim9 id=9 sync offset=34040418ns
23:26:35 sim10 id=10 sync offset=-10668833ns
23:26:35 sim11 id=11 sync offset=15926228ns
23:26:35 sim12 id=12 sync offset=26979648ns
23:26:35 sim13 id=13 sync offset=2529915ns
23:26:35 sim14 id=14 sync offset=-19994236ns
23:26:35 sim15 id=15 sync offset=39901114ns
23:26:35 sim16 id=16 sync offset=-24962708ns
23:26:35 sim1 id=1 sync offset=-19380357ns
23:26:35 sim2 id=2 sync offset=13199477ns
23:26:35 sim3 id=3 sync offset=-30643359ns
23:26:35 sim4 id=4 sync offset=-36534304ns
23:26:35 sim5 id=5 sync offset=15209361ns
23:26:35 sim6 id=6 sync offset=-36630827ns
23:26:35 sim7 id=7 sync offset=-9699309ns
23:26:35 sim8 id=8 sync offset=37708752ns
23:26:35 sim9 id=9 sync offset=34006564ns
23:26:35 sim10 id=10 sync offset=-10710479ns
23:26:35 sim11 id=11 sync offset=15861623ns
23:26:35 sim12 id=12 sync offset=26938273ns
23:26:35 sim13 id=13 sync offset=2516290ns
23:26:35 sim14 id=14 sync offset=-20049611ns
23:26:35 sim15 id=15 sync offset=39848896ns
23:26:35 sim16 id=16 sync offset=-25035551ns
23:26:36 sim1 id=1 sync offset=-19379482ns
23:26:36 sim2 id=2 sync offset=13197488ns
23:26:36 sim3 id=3 sync offset=-30641869ns
23:26:36 sim4 id=4 sync offset=-36538179ns
23:26:36 sim5 id=5 sync offset=15205444ns
23:26:36 sim6 id=6 sync offset=-36636722ns
23:26:36 sim7 id=7 sync offset=-9701966ns
23:26:36 sim8 id=8 sync offset=37706283ns
23:26:36 sim9 id=9 sync offset=34010939ns
23:26:36 sim10 id=10 sync offset=-10694104ns
23:26:36 sim11 id=11 sync offset=15875352ns
23:26:36 sim12 id=12 sync offset=26961326ns
23:26:36 sim13 id=13 sync offset=2524446ns
23:26:36 sim14 id=14 sync offset=-20049611ns
23:26:36 sim15 id=15 sync offset=39859207ns
23:26:36 sim16 id=16 sync offset=-25005811ns
23:26:36 sim1 id=1 sync offset=-19380461ns
23:26:36 sim2 id=2 sync offset=13199477ns
23:26:36 sim3 id=3 sync offset=-30640380ns
23:26:36 sim4 id=4 sync offset=-36528002ns
23:26:36 sim5 id=5 sync offset=15213850ns
23:26:36 sim6 id=6 sync offset=-36630827ns
23:26:36 sim7 id=7 sync offset=-9691226ns
23:26:36 sim8 id=8 sync offset=37708752ns
23:26:36 sim9 id=9 sync offset=34010939ns
23:26:36 sim10 id=10 sync offset=-10694104ns
23:26:36 sim11 id=11 sync offset=15875352ns
23:26:36 sim12 id=12 sync offset=26957919ns
23:26:36 sim13 id=13 sync offset=2524446ns
23:26:36 sim14 id=14 sync offset=-20061757ns
23:26:36 sim15 id=15 sync offset=39859207ns
23:26:36 sim16 id=16 sync offset=-25028280ns
23:26:36 sim1 id=1 sync offset=-19380461ns
23:26:36 sim2 id=2 sync offset=13198456ns
23:26:36 sim3 id=3 sync offset=-30643088ns
23:26:36 sim4 id=4 sync offset=-36545887ns
23:26:36 sim5 id=5 sync offset=15201112ns
23:26:36 sim6 id=6 sync offset=-36637461ns
23:26:36 sim7 id=7 sync offset=-9722173ns
23:26:36 sim8 id=8 sync offset=37706283ns
23:26:36 sim9 id=9 sync offset=34019043ns
23:26:36 sim10 id=10 sync offset=-10679083ns
23:26:36 sim11 id=11 sync offset=15875352ns
23:26:36 sim12 id=12 sync offset=26954211ns
23:26:36 sim13 id=13 sync offset=2512738ns
23:26:36 sim14 id=14 sync offset=-20061757ns
23:26:36 sim15 id=15 sync offset=39834999ns
23:26:36 sim16 id=16 sync offset=-25041374ns
23:26:37 sim1 id=1 sync offset=-19380461ns
23:26:37 sim2 id=2 sync offset=13198456ns
23:26:37 sim3 id=3 sync offset=-30643088ns
23:26:37 sim4 id=4 sync offset=-36545887ns
23:26:37 sim5 id=5 sync offset=15201112ns
23:26:37 sim6 id=6 sync offset=-36637461ns
23:26:37 sim7 id=7 sync offset=-9722173ns
23:26:37 sim8 id=8 sync offset=37706283ns
23:26:37 sim9 id=9 sync offset=34019043ns
23:26:37 sim10 id=10 sync offset=-10679083ns
23:26:37 sim11 id=11 sync offset=15875352ns
23:26:37 sim12 id=12 sync offset=26954211ns
23:26:37 sim13 id=13 sync offset=2512738ns
23:26:37 sim14 id=14 sync offset=-20061757ns
23:26:37 sim15 id=15 sync offset=39834999ns
23:26:37 sim16 id=16 sync offset=-25041374ns
23:26:38 sim1 id=1 sync offset=-19380461ns
23:26:38 sim2 id=2 sync offset=13199425ns
23:26:38 sim3 id=3 sync offset=-30642818ns
23:26:38 sim4 id=4 sync offset=-36542033ns
23:26:38 sim5 id=5 sync offset=15200538ns
23:26:38 sim6 id=6 sync offset=-36638723ns
23:26:38 sim7 id=7 sync offset=-9726277ns
23:26:38 sim8 id=8 sync offset=37706283ns
23:26:38 sim9 id=9 sync offset=34019043ns
23:26:38 sim10 id=10 sync offset=-10679083ns
23:26:38 sim11 id=11 sync offset=15875352ns
23:26:38 sim12 id=12 sync offset=26954211ns
23:26:38 sim13 id=13 sync offset=2512738ns
23:26:38 sim14 id=14 sync offset=-20083528ns
23:26:38 sim15 id=15 sync offset=39824353ns
23:26:38 sim16 id=16 sync offset=-25052083ns
23:26:38 sim1 id=1 sync offset=-19380461ns
23:26:38 sim2 id=2 sync offset=13198456ns
23:26:38 sim3 id=3 sync offset=-30643359ns
23:26:38 sim4 id=4 sync offset=-36542033ns
23:26:38 sim5 id=5 sync offset=15200538ns
23:26:38 sim6 id=6 sync offset=-36640535ns
23:26:38 sim7 id=7 sync offset=-9726277ns
23:26:38 sim8 id=8 sync offset=37704064ns
23:26:38 sim9 id=9 sync offset=34009918ns
23:26:38 sim10 id=10 sync offset=-10709250ns
23:26:38 sim11 id=11 sync offset=15861623ns
23:26:38 sim12 id=12 sync offset=26934867ns
23:26:38 sim13 id=13 sync offset=2496769ns
23:26:38 sim14 id=14 sync offset=-20093195ns
23:26:38 sim15 id=15 sync offset=39803739ns
23:26:38 sim16 id=16 sync offset=-25064947ns
23:26:38 sim1 id=1 sync offset=-19374441ns
23:26:38 sim2 id=2 sync offset=13198456ns
23:26:38 sim3 id=3 sync offset=-30643359ns
23:26:38 sim4 id=4 sync offset=-36542033ns
23:26:38 sim5 id=5 sync offset=15200538ns
23:26:38 sim6 id=6 sync offset=-36640535ns
23:26:38 sim7 id=7 sync offset=-9726277ns
23:26:38 sim8 id=8 sync offset=37704064ns
23:26:38 sim9 id=9 sync offset=34006376ns
23:26:38 sim10 id=10 sync offset=-10710177ns
23:26:38 sim11 id=11 sync offset=15861623ns
23:26:38 sim12 id=12 sync offset=26934867ns
23:26:38 sim13 id=13 sync offset=2496769ns
23:26:38 sim14 id=14 sync offset=-20093195ns
23:26:38 sim15 id=15 sync offset=39803739ns
23:26:38 sim16 id=16 sync offset=-25064947ns
23:26:39 sim1 id=1 sync offset=-19374190ns
23:26:39 sim2 id=2 sync offset=13199425ns
23:26:39 sim3 id=3 sync offset=-30643088ns
23:26:39 sim4 id=4 sync offset=-36538179ns
23:26:39 sim5 id=5 sync offset=15201112ns
23:26:39 sim6 id=6 sync offset=-36639629ns
23:26:39 sim7 id=7 sync offset=-9722173ns
23:26:39 sim8 id=8 sync offset=37704314ns
23:26:39 sim9 id=9 sync offset=34009918ns
23:26:39 sim10 id=10 sync offset=-10709250ns
23:26:39 sim11 id=11 sync offset=15862519ns
23:26:39 sim12 id=12 sync offset=26941940ns
23:26:39 sim13 id=13 sync offset=2503686ns
23:26:39 sim14 id=14 sync offset=-20088361ns
23:26:39 sim15 id=15 sync offset=39808145ns
23:26:39 sim16 id=16 sync offset=-25058020ns
23:26:39 sim1 id=1 sync offset=-19374190ns
23:26:39 sim2 id=2 sync offset=13200299ns
23:26:39 sim3 id=3 sync offset=-30641599ns
23:26:39 sim4 id=4 sync offset=-36537283ns
23:26:39 sim5 id=5 sync offset=15205444ns
23:26:39 sim6 id=6 sync offset=-36635514ns
23:26:39 sim7 id=7 sync offset=-9717371ns
23:26:39 sim8 id=8 sync offset=37708752ns
23:26:39 sim9 id=9 sync offset=34019043ns
23:26:39 sim10 id=10 sync offset=-10679083ns
23:26:39 sim11 id=11 sync offset=15888186ns
23:26:39 sim12 id=12 sync offset=26958670ns
23:26:39 sim13 id=13 sync offset=2506436ns
23:26:39 sim14 id=14 sync offset=-20079194ns
23:26:39 sim15 id=15 sync offset=39820103ns
23:26:39 sim16 id=16 sync offset=-25048541ns
23:26:40 sim1 id=1 sync offset=-19374190ns
23:26:40 sim2 id=2 sync offset=13200299ns
23:26:40 sim3 id=3 sync offset=-30646495ns
23:26:40 sim4 id=4 sync offset=-36537283ns
23:26:40 sim5 id=5 sync offset=15205444ns
23:26:40 sim6 id=6 sync offset=-36638723ns
23:26:40 sim7 id=7 sync offset=-9726277ns
23:26:40 sim8 id=8 sync offset=37706533ns
23:26:40 sim9 id=9 sync offset=34014480ns
23:26:40 sim10 id=10 sync offset=-10694166ns
23:26:40 sim11 id=11 sync offset=15875352ns
23:26:40 sim12 id=12 sync offset=26950305ns
23:26:40 sim13 id=13 sync offset=2505061ns
23:26:40 sim14 id=14 sync offset=-20079194ns
23:26:40 sim15 id=15 sync offset=39820103ns
23:26:40 sim16 id=16 sync offset=-25048541ns
23:26:40 sim1 id=1 sync offset=-19374493ns
23:26:40 sim2 id=2 sync offset=13199425ns
23:26:40 sim3 id=3 sync offset=-30650495ns
23:26:40 sim4 id=4 sync offset=-36538179ns
23:26:40 sim5 id=5 sync offset=15201112ns
23:26:40 sim6 id=6 sync offset=-36640535ns
23:26:40 sim7 id=7 sync offset=-9728487ns
23:26:40 sim8 id=8 sync offset=37704064ns
23:26:40 sim9 id=9 sync offset=34006376ns
23:26:40 sim10 id=10 sync offset=-10710177ns
23:26:40 sim11 id=11 sync offset=15856196ns
23:26:40 sim12 id=12 sync offset=26934867ns
23:26:40 sim13 id=13 sync offset=2495363ns
23:26:40 sim14 id=14 sync offset=-20088361ns
23:26:40 sim15 id=15 sync offset=39799937ns
23:26:40 sim16 id=16 sync offset=-25065572ns
23:26:41 sim1 id=1 sync offset=-19376649ns
23:26:41 sim2 id=2 sync offset=13199425ns
23:26:41 sim3 id=3 sync offset=-30642818ns
23:26:41 sim4 id=4 sync offset=-36545887ns
23:26:41 sim5 id=5 sync offset=15199965ns
23:26:41 sim6 id=6 sync offset=-36642618ns
23:26:41 sim7 id=7 sync offset=-9728548ns
23:26:41 sim8 id=8 sync offset=37700158ns
23:26:41 sim9 id=9 sync offset=34006376ns
23:26:41 sim10 id=10 sync offset=-10710177ns
23:26:41 sim11 id=11 sync offset=15856196ns
23:26:41 sim12 id=12 sync offset=26934867ns
23:26:41 sim13 id=13 sync offset=2481894ns
23:26:41 sim14 id=14 sync offset=-20099289ns
23:26:41 sim15 id=15 sync offset=39785624ns
23:26:41 sim16 id=16 sync offset=-25079854ns
23:26:41 sim1 id=1 sync offset=-19376649ns
23:26:41 sim2 id=2 sync offset=13200299ns
23:26:41 sim3 id=3 sync offset=-30639381ns
23:26:41 sim4 id=4 sync offset=-36537283ns
23:26:41 sim5 id=5 sync offset=15199965ns
23:26:41 sim6 id=6 sync offset=-36640535ns
23:26:41 sim7 id=7 sync offset=-9728548ns
23:26:41 sim8 id=8 sync offset=37706533ns
23:26:41 sim9 id=9 sync offset=34014480ns
23:26:41 sim10 id=10 sync offset=-10694166ns
23:26:41 sim11 id=11 sync offset=15875352ns
23:26:41 sim12 id=12 sync offset=26950305ns
23:26:41 sim13 id=13 sync offset=2495363ns
23:26:41 sim14 id=14 sync offset=-20088361ns
23:26:41 sim15 id=15 sync offset=39795436ns
23:26:41 sim16 id=16 sync offset=-25074447ns
23:26:42 sim1 id=1 sync offset=-19379388ns
23:26:42 sim2 id=2 sync offset=13199425ns
23:26:42 sim3 id=3 sync offset=-30642651ns
23:26:42 sim4 id=4 sync offset=-36537283ns
23:26:42 sim5 id=5 sync offset=15199965ns
23:26:42 sim6 id=6 sync offset=-36640535ns
23:26:42 sim7 id=7 sync offset=-9728548ns
23:26:42 sim8 id=8 sync offset=37704314ns
23:26:42 sim9 id=9 sync offset=34014480ns
23:26:42 sim10 id=10 sync offset=-10694166ns
23:26:42 sim11 id=11 sync offset=15862519ns
23:26:42 sim12 id=12 sync offset=26941940ns
23:26:42 sim13 id=13 sync offset=2476748ns
23:26:42 sim14 id=14 sync offset=-20094455ns
23:26:42 sim15 id=15 sync offset=39795436ns
23:26:42 sim16 id=16 sync offset=-25074447ns
23:26:42 sim1 id=1 sync offset=-19378774ns
23:26:42 sim2 id=2 sync offset=13200299ns
23:26:42 sim3 id=3 sync offset=-30639381ns
23:26:42 sim4 id=4 sync offset=-36534096ns
23:26:42 sim5 id=5 sync offset=15205861ns
23:26:42 sim6 id=6 sync offset=-36638723ns
23:26:42 sim7 id=7 sync offset=-9728548ns
23:26:42 sim8 id=8 sync offset=37696002ns
23:26:42 sim9 id=9 sync offset=34014480ns
23:26:42 sim10 id=10 sync offset=-10695093ns
23:26:42 sim11 id=11 sync offset=15849873ns
23:26:42 sim12 id=12 sync offset=26941940ns
23:26:42 sim13 id=13 sync offset=2468769ns
23:26:42 sim14 id=14 sync offset=-20094455ns
23:26:42 sim15 id=15 sync offset=39795436ns
23:26:42 sim16 id=16 sync offset=-25074447ns
23:26:43 sim1 id=1 sync offset=-19378774ns
23:26:43 sim2 id=2 sync offset=13200299ns
23:26:43 sim3 id=3 sync offset=-30639381ns
23:26:43 sim4 id=4 sync offset=-36534096ns
23:26:43 sim5 id=5 sync offset=15205861ns
23:26:43 sim6 id=6 sync offset=-36638723ns
23:26:43 sim7 id=7 sync offset=-9728548ns
23:26:43 sim8 id=8 sync offset=37700158ns
23:26:43 sim9 id=9 sync offset=34014480ns
23:26:43 sim10 id=10 sync offset=-10696593ns
23:26:43 sim11 id=11 sync offset=15847519ns
23:26:43 sim12 id=12 sync offset=26920211ns
23:26:43 sim13 id=13 sync offset=2463957ns
23:26:43 sim14 id=14 sync offset=-20107924ns
23:26:43 sim15 id=15 sync offset=39782937ns
23:26:43 sim16 id=16 sync offset=-25082718ns
23:26:43 sim1 id=1 sync offset=-19379409ns
23:26:43 sim2 id=2 sync offset=13204633ns
23:26:43 sim3 id=3 sync offset=-30632047ns
23:26:43 sim4 id=4 sync offset=-36532512ns
23:26:43 sim5 id=5 sync offset=15207507ns
23:26:43 sim6 id=6 sync offset=-36632305ns
23:26:43 sim7 id=7 sync offset=-9710424ns
23:26:43 sim8 id=8 sync offset=37709179ns
23:26:43 sim9 id=9 sync offset=34020105ns
23:26:43 sim10 id=10 sync offset=-10696593ns
23:26:43 sim11 id=11 sync offset=15847519ns
23:26:43 sim12 id=12 sync offset=26920211ns
23:26:43 sim13 id=13 sync offset=2463957ns
23:26:43 sim14 id=14 sync offset=-20107924ns
23:26:43 sim15 id=15 sync offset=39782937ns
23:26:43 sim16 id=16 sync offset=-25082718ns
23:26:44 sim1 id=1 sync offset=-19379409ns
23:26:44 sim2 id=2 sync offset=13202029ns
23:26:44 sim3 id=3 sync offset=-30635714ns
23:26:44 sim4 id=4 sync offset=-36532512ns
23:26:44 sim5 id=5 sync offset=15207507ns
23:26:44 sim6 id=6 sync offset=-36632305ns
23:26:44 sim7 id=7 sync offset=-9710424ns
23:26:44 sim8 id=8 sync offset=37709179ns
23:26:44 sim9 id=9 sync offset=34020105ns
23:26:44 sim10 id=10 sync offset=-10696593ns
23:26:44 sim11 id=11 sync offset=15847519ns
23:26:44 sim12 id=12 sync offset=26912940ns
23:26:44 sim13 id=13 sync offset=2458040ns
23:26:44 sim14 id=14 sync offset=-20112330ns
23:26:44 sim15 id=15 sync offset=39777572ns
23:26:44 sim16 id=16 sync offset=-25090051ns
23:26:44 sim1 id=1 sync offset=-19379409ns
23:26:44 sim2 id=2 sync offset=13205623ns
23:26:44 sim3 id=3 sync offset=-30631609ns
23:26:44 sim4 id=4 sync offset=-36527575ns
23:26:44 sim5 id=5 sync offset=15216528ns
23:26:44 sim6 id=6 sync offset=-36619284ns
23:26:44 sim7 id=7 sync offset=-9708466ns
23:26:44 sim8 id=8 sync offset=37711960ns
23:26:44 sim9 id=9 sync offset=34020803ns
23:26:44 sim10 id=10 sync offset=-10696593ns
23:26:44 sim11 id=11 sync offset=15848696ns
23:26:44 sim12 id=12 sync offset=26916575ns
23:26:44 sim13 id=13 sync offset=2460998ns
23:26:44 sim14 id=14 sync offset=-20112330ns
23:26:44 sim15 id=15 sync offset=39779708ns
23:26:44 sim16 id=16 sync offset=-25086374ns
23:26:45 sim1 id=1 sync offset=-19380107ns
23:26:45 sim2 id=2 sync offset=13199966ns
23:26:45 sim3 id=3 sync offset=-30635714ns
23:26:45 sim4 id=4 sync offset=-36530835ns
23:26:45 sim5 id=5 sync offset=15211194ns
23:26:45 sim6 id=6 sync offset=-36629003ns
23:26:45 sim7 id=7 sync offset=-9709445ns
23:26:45 sim8 id=8 sync offset=37719606ns
23:26:45 sim9 id=9 sync offset=34031689ns
23:26:45 sim10 id=10 sync offset=-10682083ns
23:26:45 sim11 id=11 sync offset=15849873ns
23:26:45 sim12 id=12 sync offset=26920211ns
23:26:45 sim13 id=13 sync offset=2463957ns
23:26:45 sim14 id=14 sync offset=-20110466ns
23:26:45 sim15 id=15 sync offset=39782937ns
23:26:45 sim16 id=16 sync offset=-25082718ns
23:26:45 sim1 id=1 sync offset=-19380586ns
23:26:45 sim2 id=2 sync offset=13194477ns
23:26:45 sim3 id=3 sync offset=-30641016ns
23:26:45 sim4 id=4 sync offset=-36530835ns
23:26:45 sim5 id=5 sync offset=15211194ns
23:26:45 sim6 id=6 sync offset=-36629315ns
23:26:45 sim7 id=7 sync offset=-9709445ns
23:26:45 sim8 id=8 sync offset=37711960ns
23:26:45 sim9 id=9 sync offset=34020803ns
23:26:45 sim10 id=10 sync offset=-10696593ns
23:26:45 sim11 id=11 sync offset=15848696ns
23:26:45 sim12 id=12 sync offset=26916575ns
23:26:45 sim13 id=13 sync offset=2460998ns
23:26:45 sim14 id=14 sync offset=-20112091ns
23:26:45 sim15 id=15 sync offset=39779708ns
23:26:45 sim16 id=16 sync offset=-25086374ns
23:26:46 sim1 id=1 sync offset=-19381159ns
23:26:46 sim2 id=2 sync offset=13194477ns
23:26:46 sim3 id=3 sync offset=-30641016ns
23:26:46 sim4 id=4 sync offset=-36538325ns
23:26:46 sim5 id=5 sync offset=15207382ns
23:26:46 sim6 id=6 sync offset=-36629315ns
23:26:46 sim7 id=7 sync offset=-9712975ns
23:26:46 sim8 id=8 sync offset=37706533ns
23:26:46 sim9 id=9 sync offset=34011636ns
23:26:46 sim10 id=10 sync offset=-10702697ns
23:26:46 sim11 id=11 sync offset=15846488ns
23:26:46 sim12 id=12 sync offset=26911305ns
23:26:46 sim13 id=13 sync offset=2457769ns
23:26:46 sim14 id=14 sync offset=-20112091ns
23:26:46 sim15 id=15 sync offset=39779708ns
23:26:46 sim16 id=16 sync offset=-25086374ns
23:26:46 sim1 id=1 sync offset=-19381159ns
23:26:46 sim2 id=2 sync offset=13199966ns
23:26:46 sim3 id=3 sync offset=-30635276ns
23:26:46 sim4 id=4 sync offset=-36529116ns
23:26:46 sim5 id=5 sync offset=15212861ns
23:26:46 sim6 id=6 sync offset=-36625232ns
23:26:46 sim7 id=7 sync offset=-9712975ns
23:26:46 sim8 id=8 sync offset=37706960ns
23:26:46 sim9 id=9 sync offset=34015022ns
23:26:46 sim10 id=10 sync offset=-10700583ns
23:26:46 sim11 id=11 sync offset=15849488ns
23:26:46 sim12 id=12 sync offset=26913961ns
23:26:46 sim13 id=13 sync offset=2457769ns
23:26:46 sim14 id=14 sync offset=-20112091ns
23:26:46 sim15 id=15 sync offset=39779708ns
23:26:46 sim16 id=16 sync offset=-25074770ns
23:26:47 sim1 id=1 sync offset=-19381565ns
23:26:47 sim2 id=2 sync offset=13194477ns
23:26:47 sim3 id=3 sync offset=-30641016ns
23:26:47 sim4 id=4 sync offset=-36529116ns
23:26:47 sim5 id=5 sync offset=15212861ns
23:26:47 sim6 id=6 sync offset=-36625232ns
23:26:47 sim7 id=7 sync offset=-9712975ns
23:26:47 sim8 id=8 sync offset=37706960ns
23:26:47 sim9 id=9 sync offset=34015158ns
23:26:47 sim10 id=10 sync offset=-10700583ns
23:26:47 sim11 id=11 sync offset=15849488ns
23:26:47 sim12 id=12 sync offset=26913961ns
23:26:47 sim13 id=13 sync offset=2457769ns
23:26:47 sim14 id=14 sync offset=-20112091ns
23:26:47 sim15 id=15 sync offset=39779708ns
23:26:47 sim16 id=16 sync offset=-25074770ns
23:26:47 sim1 id=1 sync offset=-19381565ns
23:26:47 sim2 id=2 sync offset=13194477ns
23:26:47 sim3 id=3 sync offset=-30645172ns
23:26:47 sim4 id=4 sync offset=-36538325ns
23:26:47 sim5 id=5 sync offset=15210444ns
23:26:47 sim6 id=6 sync offset=-36625232ns
23:26:47 sim7 id=7 sync offset=-9712975ns
23:26:47 sim8 id=8 sync offset=37706960ns
23:26:47 sim9 id=9 sync offset=34015158ns
23:26:47 sim10 id=10 sync offset=-10700583ns
23:26:47 sim11 id=11 sync offset=15849488ns
23:26:47 sim12 id=12 sync offset=26913961ns
23:26:47 sim13 id=13 sync offset=2457769ns
23:26:47 sim14 id=14 sync offset=-20112091ns
23:26:47 sim15 id=15 sync offset=39779708ns
23:26:47 sim16 id=16 sync offset=-25074770ns
23:26:48 sim1 id=1 sync offset=-19381565ns
23:26:48 sim2 id=2 sync offset=13194477ns
23:26:48 sim3 id=3 sync offset=-30645172ns
23:26:48 sim4 id=4 sync offset=-36538325ns
23:26:48 sim5 id=5 sync offset=15210444ns
23:26:48 sim6 id=6 sync offset=-36619284ns
23:26:48 sim7 id=7 sync offset=-9710424ns
23:26:48 sim8 id=8 sync offset=37719606ns
23:26:48 sim9 id=9 sync offset=34031960ns
23:26:48 sim10 id=10 sync offset=-10682083ns
23:26:48 sim11 id=11 sync offset=15851457ns
23:26:48 sim12 id=12 sync offset=26914982ns
23:26:48 sim13 id=13 sync offset=2458040ns
23:26:48 sim14 id=14 sync offset=-20112091ns
23:26:48 sim15 id=15 sync offset=39779708ns
23:26:48 sim16 id=16 sync offset=-25074770ns
23:26:48 sim1 id=1 sync offset=-19381565ns
23:26:48 sim2 id=2 sync offset=13199966ns
23:26:48 sim3 id=3 sync offset=-30641016ns
23:26:48 sim4 id=4 sync offset=-36529116ns
23:26:48 sim5 id=5 sync offset=15214111ns
23:26:48 sim6 id=6 sync offset=-36615056ns
23:26:48 sim7 id=7 sync offset=-9695903ns
23:26:48 sim8 id=8 sync offset=37719606ns
23:26:48 sim9 id=9 sync offset=34040210ns
23:26:48 sim10 id=10 sync offset=-10670042ns
23:26:48 sim11 id=11 sync offset=15905395ns
23:26:48 sim12 id=12 sync offset=26968794ns
23:26:48 sim13 id=13 sync offset=2468769ns
23:26:48 sim14 id=14 sync offset=-20103851ns
23:26:48 sim15 id=15 sync offset=39797645ns
23:26:48 sim16 id=16 sync offset=-25069833ns
23:26:49 sim1 id=1 sync offset=-19381565ns
23:26:49 sim2 id=2 sync offset=13199966ns
23:26:49 sim3 id=3 sync offset=-30645172ns
23:26:49 sim4 id=4 sync offset=-36529116ns
23:26:49 sim5 id=5 sync offset=15214111ns
23:26:49 sim6 id=6 sync offset=-36615056ns
23:26:49 sim7 id=7 sync offset=-9695903ns
23:26:49 sim8 id=8 sync offset=37719606ns
23:26:49 sim9 id=9 sync offset=34040210ns
23:26:49 sim10 id=10 sync offset=-10670042ns
23:26:49 sim11 id=11 sync offset=15905395ns
23:26:49 sim12 id=12 sync offset=26968794ns
23:26:49 sim13 id=13 sync offset=2488498ns
23:26:49 sim14 id=14 sync offset=-20081174ns
23:26:49 sim15 id=15 sync offset=39801176ns
23:26:49 sim16 id=16 sync offset=-25063093ns
23:26:49 sim14 id=14 event m0 fired dev_deadline=610582896356940 fire_mono=610582920835166
23:26:49 sim13 id=13 event m0 fired dev_deadline=610582918929560 fire_mono=610582920892416
23:26:49 sim16 id=16 event m0 fired dev_deadline=610582891390958 fire_mono=610582920934583
23:26:49 sim15 id=15 event m0 fired dev_deadline=610582956258436 fire_mono=610582920948583
23:26:49 sim3 id=3 event m0 fired dev_deadline=610582885819775 fire_mono=610582920957083
23:26:49 sim2 id=2 event m0 fired dev_deadline=610582929660757 fire_mono=610582920964500
23:26:49 sim4 id=4 event m0 fired dev_deadline=610582879931675 fire_mono=610582920972166
23:26:49 sim5 id=5 event m0 fired dev_deadline=610582931674902 fire_mono=610582920990666
23:26:49 sim7 id=7 event m0 fired dev_deadline=610582906764888 fire_mono=610582920996541
23:26:49 sim8 id=8 event m0 fired dev_deadline=610582954180397 fire_mono=610582921001875
23:26:49 sim1 id=1 event m0 fired dev_deadline=610582897079226 fire_mono=610582921007000
23:26:49 sim6 id=6 event m0 fired dev_deadline=610582879845735 fire_mono=610582921011666
23:26:49 sim9 id=9 event m0 fired dev_deadline=610582950501001 fire_mono=610582921016041
23:26:49 sim10 id=10 event m0 fired dev_deadline=610582905790749 fire_mono=610582921020583
23:26:49 sim12 id=12 event m0 fired dev_deadline=610582943429585 fire_mono=610582921025291
23:26:49 sim11 id=11 event m0 fired dev_deadline=610582932366186 fire_mono=610582921029791
23:26:49 sim14 id=14 event m1 fired dev_deadline=610582997179774 fire_mono=610583023668875
23:26:49 sim13 id=13 event m1 fired dev_deadline=610583019752394 fire_mono=610583023708166
23:26:49 sim16 id=16 event m1 fired dev_deadline=610582992213792 fire_mono=610583023723583
23:26:49 sim15 id=15 event m1 fired dev_deadline=610583057081270 fire_mono=610583023730583
23:26:49 sim3 id=3 event m1 fired dev_deadline=610582986642609 fire_mono=610583023737333
23:26:49 sim2 id=2 event m1 fired dev_deadline=610583030483591 fire_mono=610583023743000
23:26:49 sim4 id=4 event m1 fired dev_deadline=610582980754509 fire_mono=610583023750000
23:26:49 sim1 id=1 event m1 fired dev_deadline=610582997902060 fire_mono=610583023755791
23:26:49 sim5 id=5 event m1 fired dev_deadline=610583032497736 fire_mono=610583023760583
23:26:49 sim7 id=7 event m1 fired dev_deadline=610583007587722 fire_mono=610583023765541
23:26:49 sim8 id=8 event m1 fired dev_deadline=610583055003231 fire_mono=610583023769916
23:26:49 sim6 id=6 event m1 fired dev_deadline=610582980668569 fire_mono=610583023774375
23:26:49 sim9 id=9 event m1 fired dev_deadline=610583051323835 fire_mono=610583023778750
23:26:49 sim10 id=10 event m1 fired dev_deadline=610583006613583 fire_mono=610583023783791
23:26:49 sim12 id=12 event m1 fired dev_deadline=610583044252419 fire_mono=610583023788000
23:26:49 sim11 id=11 event m1 fired dev_deadline=610583033189020 fire_mono=610583023793041
23:26:49 sim14 id=14 event m2 fired dev_deadline=610583098579440 fire_mono=610583124250375
23:26:49 sim13 id=13 event m2 fired dev_deadline=610583121152060 fire_mono=610583124291750
23:26:49 sim16 id=16 event m2 fired dev_deadline=610583093613458 fire_mono=610583124302750
23:26:49 sim15 id=15 event m2 fired dev_deadline=610583158480936 fire_mono=610583124327416
23:26:49 sim3 id=3 event m2 fired dev_deadline=610583088042275 fire_mono=610583124348583
23:26:49 sim2 id=2 event m2 fired dev_deadline=610583131883257 fire_mono=610583124356666
23:26:49 sim4 id=4 event m2 fired dev_deadline=610583082154175 fire_mono=610583124362625
23:26:49 sim5 id=5 event m2 fired dev_deadline=610583133897402 fire_mono=610583124367500
23:26:49 sim1 id=1 event m2 fired dev_deadline=610583099301726 fire_mono=610583124374083
23:26:49 sim7 id=7 event m2 fired dev_deadline=610583108987388 fire_mono=610583124378916
23:26:49 sim8 id=8 event m2 fired dev_deadline=610583156402897 fire_mono=610583124383416
23:26:49 sim6 id=6 event m2 fired dev_deadline=610583082068235 fire_mono=610583124388416
23:26:49 sim9 id=9 event m2 fired dev_deadline=610583152723501 fire_mono=610583124393166
23:26:49 sim10 id=10 event m2 fired dev_deadline=610583108013249 fire_mono=610583124399041
23:26:49 sim12 id=12 event m2 fired dev_deadline=610583145652085 fire_mono=610583124404250
23:26:49 sim11 id=11 event m2 fired dev_deadline=610583134588686 fire_mono=610583124408625
23:26:49 sim14 id=14 event m3 fired dev_deadline=610583199372232 fire_mono=610583221619291
23:26:49 sim13 id=13 event m3 fired dev_deadline=610583221944852 fire_mono=610583221662791
23:26:49 sim16 id=16 event m3 fired dev_deadline=610583194406250 fire_mono=610583221673791
23:26:49 sim15 id=15 event m3 fired dev_deadline=610583259273728 fire_mono=610583221680291
23:26:49 sim3 id=3 event m3 fired dev_deadline=610583188835067 fire_mono=610583221696083
23:26:49 sim2 id=2 event m3 fired dev_deadline=610583232676049 fire_mono=610583221702708
23:26:49 sim4 id=4 event m3 fired dev_deadline=610583182946967 fire_mono=610583221709250
23:26:49 sim5 id=5 event m3 fired dev_deadline=610583234690194 fire_mono=610583221714333
23:26:49 sim1 id=1 event m3 fired dev_deadline=610583200094518 fire_mono=610583221719333
23:26:49 sim7 id=7 event m3 fired dev_deadline=610583209780180 fire_mono=610583221724125
23:26:49 sim8 id=8 event m3 fired dev_deadline=610583257195689 fire_mono=610583221729125
23:26:49 sim6 id=6 event m3 fired dev_deadline=610583182861027 fire_mono=610583221733958
23:26:49 sim9 id=9 event m3 fired dev_deadline=610583253516293 fire_mono=610583221739208
23:26:49 sim10 id=10 event m3 fired dev_deadline=610583208806041 fire_mono=610583221743958
23:26:49 sim12 id=12 event m3 fired dev_deadline=610583246444877 fire_mono=610583221748333
23:26:49 sim11 id=11 event m3 fired dev_deadline=610583235381478 fire_mono=610583221753166
23:26:49 sim13 id=13 event m4 fired dev_deadline=610583323861060 fire_mono=610583326475958
23:26:49 sim14 id=14 event m4 fired dev_deadline=610583301288440 fire_mono=610583326516541
23:26:49 sim16 id=16 event m4 fired dev_deadline=610583296322458 fire_mono=610583326528458
23:26:49 sim15 id=15 event m4 fired dev_deadline=610583361189936 fire_mono=610583326534458
23:26:49 sim3 id=3 event m4 fired dev_deadline=610583290751275 fire_mono=610583326539708
23:26:49 sim2 id=2 event m4 fired dev_deadline=610583334592257 fire_mono=610583326545666
23:26:49 sim4 id=4 event m4 fired dev_deadline=610583284863175 fire_mono=610583326551166
23:26:49 sim5 id=5 event m4 fired dev_deadline=610583336606402 fire_mono=610583326555791
23:26:49 sim1 id=1 event m4 fired dev_deadline=610583302010726 fire_mono=610583326560291
23:26:49 sim7 id=7 event m4 fired dev_deadline=610583311696388 fire_mono=610583326564625
23:26:49 sim8 id=8 event m4 fired dev_deadline=610583359111897 fire_mono=610583326569875
23:26:49 sim6 id=6 event m4 fired dev_deadline=610583284777235 fire_mono=610583326574375
23:26:49 sim9 id=9 event m4 fired dev_deadline=610583355432501 fire_mono=610583326580208
23:26:49 sim10 id=10 event m4 fired dev_deadline=610583310722249 fire_mono=610583326586083
23:26:49 sim12 id=12 event m4 fired dev_deadline=610583348361085 fire_mono=610583326590333
23:26:49 sim11 id=11 event m4 fired dev_deadline=610583337297686 fire_mono=610583326596125
23:26:49 sim1 id=1 sync offset=-19381565ns
23:26:49 sim2 id=2 sync offset=13194373ns
23:26:49 sim3 id=3 sync offset=-30647953ns
23:26:49 sim4 id=4 sync offset=-36534096ns
23:26:49 sim5 id=5 sync offset=15211694ns
23:26:49 sim6 id=6 sync offset=-36616857ns
23:26:49 sim7 id=7 sync offset=-9703163ns
23:26:49 sim8 id=8 sync offset=37718970ns
23:26:49 sim9 id=9 sync offset=34036439ns
23:26:49 sim10 id=10 sync offset=-10676062ns
23:26:49 sim11 id=11 sync offset=15879759ns
23:26:49 sim12 id=12 sync offset=26948763ns
23:26:49 sim13 id=13 sync offset=2478633ns
23:26:49 sim14 id=14 sync offset=-20097237ns
23:26:49 sim15 id=15 sync offset=39797645ns
23:26:49 sim16 id=16 sync offset=-25056354ns
23:26:49 sim15 id=15 event m5 fired dev_deadline=610583462387467 fire_mono=610583424331041
23:26:49 sim16 id=16 event m5 fired dev_deadline=610583397523198 fire_mono=610583424360166
23:26:49 sim3 id=3 event m5 fired dev_deadline=610583391941119 fire_mono=610583424368958
23:26:49 sim14 id=14 event m5 fired dev_deadline=610583402505117 fire_mono=610583424375500
23:26:49 sim13 id=13 event m5 fired dev_deadline=610583425074789 fire_mono=610583424381708
23:26:49 sim2 id=2 event m5 fired dev_deadline=610583435786257 fire_mono=610583424387125
23:26:49 sim4 id=4 event m5 fired dev_deadline=610583386057175 fire_mono=610583424392375
23:26:49 sim1 id=1 event m5 fired dev_deadline=610583403204726 fire_mono=610583424397291
23:26:49 sim5 id=5 event m5 fired dev_deadline=610583437800402 fire_mono=610583424403833
23:26:49 sim7 id=7 event m5 fired dev_deadline=610583412890388 fire_mono=610583424410083
23:26:49 sim8 id=8 event m5 fired dev_deadline=610583460305897 fire_mono=610583424426833
23:26:49 sim6 id=6 event m5 fired dev_deadline=610583385971235 fire_mono=610583424432708
23:26:49 sim9 id=9 event m5 fired dev_deadline=610583456626501 fire_mono=610583424437166
23:26:49 sim10 id=10 event m5 fired dev_deadline=610583411916249 fire_mono=610583424442666
23:26:49 sim12 id=12 event m5 fired dev_deadline=610583449555085 fire_mono=610583424448208
23:26:49 sim11 id=11 event m5 fired dev_deadline=610583438491686 fire_mono=610583424455708
23:26:50 sim15 id=15 event m6 fired dev_deadline=610583563331301 fire_mono=610583526598666
23:26:50 sim16 id=16 event m6 fired dev_deadline=610583498467032 fire_mono=610583526649208
23:26:50 sim3 id=3 event m6 fired dev_deadline=610583492884953 fire_mono=610583526679250
23:26:50 sim14 id=14 event m6 fired dev_deadline=610583503448951 fire_mono=610583526692541
23:26:50 sim13 id=13 event m6 fired dev_deadline=610583526018623 fire_mono=610583526700125
23:26:50 sim2 id=2 event m6 fired dev_deadline=610583536730091 fire_mono=610583526706291
23:26:50 sim4 id=4 event m6 fired dev_deadline=610583487001009 fire_mono=610583526711958
23:26:50 sim1 id=1 event m6 fired dev_deadline=610583504148560 fire_mono=610583526717541
23:26:50 sim5 id=5 event m6 fired dev_deadline=610583538744236 fire_mono=610583526722750
23:26:50 sim7 id=7 event m6 fired dev_deadline=610583513834222 fire_mono=610583526727708
23:26:50 sim8 id=8 event m6 fired dev_deadline=610583561249731 fire_mono=610583526732416
23:26:50 sim6 id=6 event m6 fired dev_deadline=610583486915069 fire_mono=610583526738125
23:26:50 sim9 id=9 event m6 fired dev_deadline=610583557570335 fire_mono=610583526744166
23:26:50 sim10 id=10 event m6 fired dev_deadline=610583512860083 fire_mono=610583526749166
23:26:50 sim12 id=12 event m6 fired dev_deadline=610583550498919 fire_mono=610583526754666
23:26:50 sim11 id=11 event m6 fired dev_deadline=610583539435520 fire_mono=610583526759791
23:26:50 sim15 id=15 event m7 fired dev_deadline=610583663889801 fire_mono=610583625999083
23:26:50 sim16 id=16 event m7 fired dev_deadline=610583599025532 fire_mono=610583626039833
23:26:50 sim3 id=3 event m7 fired dev_deadline=610583593443453 fire_mono=610583626050541
23:26:50 sim14 id=14 event m7 fired dev_deadline=610583604007451 fire_mono=610583626057166
23:26:50 sim13 id=13 event m7 fired dev_deadline=610583626577123 fire_mono=610583626064000
23:26:50 sim2 id=2 event m7 fired dev_deadline=610583637288591 fire_mono=610583626069458
23:26:50 sim4 id=4 event m7 fired dev_deadline=610583587559509 fire_mono=610583626076125
23:26:50 sim5 id=5 event m7 fired dev_deadline=610583639302736 fire_mono=610583626082875
23:26:50 sim1 id=1 event m7 fired dev_deadline=610583604707060 fire_mono=610583626087500
23:26:50 sim7 id=7 event m7 fired dev_deadline=610583614392722 fire_mono=610583626092083
23:26:50 sim8 id=8 event m7 fired dev_deadline=610583661808231 fire_mono=610583626098333
23:26:50 sim6 id=6 event m7 fired dev_deadline=610583587473569 fire_mono=610583626102833
23:26:50 sim9 id=9 event m7 fired dev_deadline=610583658128835 fire_mono=610583626109416
23:26:50 sim10 id=10 event m7 fired dev_deadline=610583613418583 fire_mono=610583626115041
23:26:50 sim12 id=12 event m7 fired dev_deadline=610583651057419 fire_mono=610583626119500
23:26:50 sim11 id=11 event m7 fired dev_deadline=610583639994020 fire_mono=610583626125333
23:26:50 sim15 id=15 event m8 fired dev_deadline=610583765209759 fire_mono=610583728038208
23:26:50 sim16 id=16 event m8 fired dev_deadline=610583700345490 fire_mono=610583728083333
23:26:50 sim3 id=3 event m8 fired dev_deadline=610583694763411 fire_mono=610583728093333
23:26:50 sim14 id=14 event m8 fired dev_deadline=610583705327409 fire_mono=610583728102666
23:26:50 sim13 id=13 event m8 fired dev_deadline=610583727897081 fire_mono=610583728108416
23:26:50 sim2 id=2 event m8 fired dev_deadline=610583738608549 fire_mono=610583728113958
23:26:50 sim4 id=4 event m8 fired dev_deadline=610583688879467 fire_mono=610583728119375
23:26:50 sim1 id=1 event m8 fired dev_deadline=610583706027018 fire_mono=610583728124333
23:26:50 sim5 id=5 event m8 fired dev_deadline=610583740622694 fire_mono=610583728143666
23:26:50 sim7 id=7 event m8 fired dev_deadline=610583715712680 fire_mono=610583728149166
23:26:50 sim8 id=8 event m8 fired dev_deadline=610583763128189 fire_mono=610583728154125
23:26:50 sim6 id=6 event m8 fired dev_deadline=610583688793527 fire_mono=610583728159708
23:26:50 sim9 id=9 event m8 fired dev_deadline=610583759448793 fire_mono=610583728164416
23:26:50 sim10 id=10 event m8 fired dev_deadline=610583714738541 fire_mono=610583728169000
23:26:50 sim12 id=12 event m8 fired dev_deadline=610583752377377 fire_mono=610583728174458
23:26:50 sim11 id=11 event m8 fired dev_deadline=610583741313978 fire_mono=610583728180041
23:26:50 sim15 id=15 event m9 fired dev_deadline=610583866124592 fire_mono=610583830229083
23:26:50 sim16 id=16 event m9 fired dev_deadline=610583801260323 fire_mono=610583830277458
23:26:50 sim3 id=3 event m9 fired dev_deadline=610583795678244 fire_mono=610583830289958
23:26:50 sim14 id=14 event m9 fired dev_deadline=610583806242242 fire_mono=610583830297916
23:26:50 sim13 id=13 event m9 fired dev_deadline=610583828811914 fire_mono=610583830303791
23:26:50 sim2 id=2 event m9 fired dev_deadline=610583839523382 fire_mono=610583830309375
23:26:50 sim4 id=4 event m9 fired dev_deadline=610583789794300 fire_mono=610583830317166
23:26:50 sim1 id=1 event m9 fired dev_deadline=610583806941851 fire_mono=610583830322166
23:26:50 sim5 id=5 event m9 fired dev_deadline=610583841537527 fire_mono=610583830330333
23:26:50 sim7 id=7 event m9 fired dev_deadline=610583816627513 fire_mono=610583830334750
23:26:50 sim8 id=8 event m9 fired dev_deadline=610583864043022 fire_mono=610583830339333
23:26:50 sim6 id=6 event m9 fired dev_deadline=610583789708360 fire_mono=610583830343916
23:26:50 sim9 id=9 event m9 fired dev_deadline=610583860363626 fire_mono=610583830348458
23:26:50 sim10 id=10 event m9 fired dev_deadline=610583815653374 fire_mono=610583830353041
23:26:50 sim12 id=12 event m9 fired dev_deadline=610583853292210 fire_mono=610583830357875
23:26:50 sim11 id=11 event m9 fired dev_deadline=610583842228811 fire_mono=610583830362500
23:26:50 sim1 id=1 sync offset=-19381336ns
23:26:50 sim2 id=2 sync offset=13193446ns
23:26:50 sim3 id=3 sync offset=-30648213ns
23:26:50 sim4 id=4 sync offset=-36533345ns
23:26:50 sim5 id=5 sync offset=15210444ns
23:26:50 sim6 id=6 sync offset=-36619284ns
23:26:50 sim7 id=7 sync offset=-9710424ns
23:26:50 sim8 id=8 sync offset=37716960ns
23:26:50 sim9 id=9 sync offset=34031960ns
23:26:50 sim10 id=10 sync offset=-10682083ns
23:26:50 sim11 id=11 sync offset=15854123ns
23:26:50 sim12 id=12 sync offset=26927794ns
23:26:50 sim13 id=13 sync offset=2488498ns
23:26:50 sim14 id=14 sync offset=-20073216ns
23:26:50 sim15 id=15 sync offset=39820687ns
23:26:50 sim16 id=16 sync offset=-25037426ns
23:26:50 sim14 id=14 event m10 fired dev_deadline=610583907124596 fire_mono=610583930563416
23:26:50 sim15 id=15 event m10 fired dev_deadline=610583967019478 fire_mono=610583930610875
23:26:50 sim13 id=13 event m10 fired dev_deadline=610583929700466 fire_mono=610583930622083
23:26:50 sim3 id=3 event m10 fired dev_deadline=610583896573880 fire_mono=610583930629000
23:26:50 sim2 id=2 event m10 fired dev_deadline=610583940416206 fire_mono=610583930634833
23:26:50 sim4 id=4 event m10 fired dev_deadline=610583890687737 fire_mono=610583930640041
23:26:50 sim7 id=7 event m10 fired dev_deadline=610583917518670 fire_mono=610583930645833
23:26:50 sim16 id=16 event m10 fired dev_deadline=610583902165479 fire_mono=610583930652041
23:26:50 sim5 id=5 event m10 fired dev_deadline=610583942433527 fire_mono=610583930659166
23:26:50 sim11 id=11 event m10 fired dev_deadline=610583943101592 fire_mono=610583930665000
23:26:50 sim1 id=1 event m10 fired dev_deadline=610583907840268 fire_mono=610583930670000
23:26:50 sim12 id=12 event m10 fired dev_deadline=610583954170596 fire_mono=610583930675958
23:26:50 sim8 id=8 event m10 fired dev_deadline=610583964940803 fire_mono=610583930680833
23:26:50 sim6 id=6 event m10 fired dev_deadline=610583890604976 fire_mono=610583930686083
23:26:50 sim10 id=10 event m10 fired dev_deadline=610583916545771 fire_mono=610583930773625
23:26:50 sim9 id=9 event m10 fired dev_deadline=610583961258272 fire_mono=610583930781416
23:26:50 sim14 id=14 event m11 fired dev_deadline=610584007309221 fire_mono=610584028257541
23:26:50 sim15 id=15 event m11 fired dev_deadline=610584067204103 fire_mono=610584028302208
23:26:50 sim13 id=13 event m11 fired dev_deadline=610584029885091 fire_mono=610584028314791
23:26:50 sim3 id=3 event m11 fired dev_deadline=610583996758505 fire_mono=610584028322625
23:26:50 sim2 id=2 event m11 fired dev_deadline=610584040600831 fire_mono=610584028330125
23:26:50 sim4 id=4 event m11 fired dev_deadline=610583990872362 fire_mono=610584028335958
23:26:50 sim7 id=7 event m11 fired dev_deadline=610584017703295 fire_mono=610584028341333
23:26:50 sim16 id=16 event m11 fired dev_deadline=610584002350104 fire_mono=610584028346083
23:26:50 sim5 id=5 event m11 fired dev_deadline=610584042618152 fire_mono=610584028350750
23:26:50 sim11 id=11 event m11 fired dev_deadline=610584043286217 fire_mono=610584028356000
23:26:50 sim1 id=1 event m11 fired dev_deadline=610584008024893 fire_mono=610584028360708
23:26:50 sim12 id=12 event m11 fired dev_deadline=610584054355221 fire_mono=610584028365208
23:26:50 sim8 id=8 event m11 fired dev_deadline=610584065125428 fire_mono=610584028373041
23:26:50 sim6 id=6 event m11 fired dev_deadline=610583990789601 fire_mono=610584028379291
23:26:50 sim10 id=10 event m11 fired dev_deadline=610584016730396 fire_mono=610584028385375
23:26:50 sim9 id=9 event m11 fired dev_deadline=610584061442897 fire_mono=610584028391166
23:26:50 sim14 id=14 event m12 fired dev_deadline=610584107680138 fire_mono=610584131400791
23:26:50 sim15 id=15 event m12 fired dev_deadline=610584167575020 fire_mono=610584131439958
23:26:50 sim13 id=13 event m12 fired dev_deadline=610584130256008 fire_mono=610584131449333
23:26:50 sim3 id=3 event m12 fired dev_deadline=610584097129422 fire_mono=610584131456041
23:26:50 sim2 id=2 event m12 fired dev_deadline=610584140971748 fire_mono=610584131463166
23:26:50 sim4 id=4 event m12 fired dev_deadline=610584091243279 fire_mono=610584131469250
23:26:50 sim7 id=7 event m12 fired dev_deadline=610584118074212 fire_mono=610584131474708
23:26:50 sim16 id=16 event m12 fired dev_deadline=610584102721021 fire_mono=610584131480750
23:26:50 sim5 id=5 event m12 fired dev_deadline=610584142989069 fire_mono=610584131485666
23:26:50 sim11 id=11 event m12 fired dev_deadline=610584143657134 fire_mono=610584131490333
23:26:50 sim1 id=1 event m12 fired dev_deadline=610584108395810 fire_mono=610584131494791
23:26:50 sim12 id=12 event m12 fired dev_deadline=610584154726138 fire_mono=610584131499666
23:26:50 sim8 id=8 event m12 fired dev_deadline=610584165496345 fire_mono=610584131507833
23:26:50 sim6 id=6 event m12 fired dev_deadline=610584091160518 fire_mono=610584131513625
23:26:50 sim10 id=10 event m12 fired dev_deadline=610584117101313 fire_mono=610584131518250
23:26:50 sim9 id=9 event m12 fired dev_deadline=610584161813814 fire_mono=610584131523333
23:26:50 sim14 id=14 event m13 fired dev_deadline=610584208014096 fire_mono=610584233505916
23:26:50 sim15 id=15 event m13 fired dev_deadline=610584267908978 fire_mono=610584233549458
23:26:50 sim13 id=13 event m13 fired dev_deadline=610584230589966 fire_mono=610584233579791
23:26:50 sim3 id=3 event m13 fired dev_deadline=610584197463380 fire_mono=610584233592083
23:26:50 sim2 id=2 event m13 fired dev_deadline=610584241305706 fire_mono=610584233602916
23:26:50 sim4 id=4 event m13 fired dev_deadline=610584191577237 fire_mono=610584233611083
23:26:50 sim7 id=7 event m13 fired dev_deadline=610584218408170 fire_mono=610584233618333
23:26:50 sim16 id=16 event m13 fired dev_deadline=610584203054979 fire_mono=610584233626041
23:26:50 sim5 id=5 event m13 fired dev_deadline=610584243323027 fire_mono=610584233632375
23:26:50 sim11 id=11 event m13 fired dev_deadline=610584243991092 fire_mono=610584233637875
23:26:50 sim1 id=1 event m13 fired dev_deadline=610584208729768 fire_mono=610584233644916
23:26:50 sim12 id=12 event m13 fired dev_deadline=610584255060096 fire_mono=610584233660875
23:26:50 sim8 id=8 event m13 fired dev_deadline=610584265830303 fire_mono=610584233667541
23:26:50 sim6 id=6 event m13 fired dev_deadline=610584191494476 fire_mono=610584233673625
23:26:50 sim10 id=10 event m13 fired dev_deadline=610584217435271 fire_mono=610584233680250
23:26:50 sim9 id=9 event m13 fired dev_deadline=610584262147772 fire_mono=610584233687083
23:26:50 sim14 id=14 event m14 fired dev_deadline=610584310176513 fire_mono=610584335764083
23:26:50 sim15 id=15 event m14 fired dev_deadline=610584370071395 fire_mono=610584335802875
23:26:50 sim13 id=13 event m14 fired dev_deadline=610584332752383 fire_mono=610584335813625
23:26:50 sim3 id=3 event m14 fired dev_deadline=610584299625797 fire_mono=610584335820333
23:26:50 sim2 id=2 event m14 fired dev_deadline=610584343468123 fire_mono=610584335828708
23:26:50 sim4 id=4 event m14 fired dev_deadline=610584293739654 fire_mono=610584335833958
23:26:50 sim7 id=7 event m14 fired dev_deadline=610584320570587 fire_mono=610584335839333
23:26:50 sim16 id=16 event m14 fired dev_deadline=610584305217396 fire_mono=610584335843916
23:26:50 sim5 id=5 event m14 fired dev_deadline=610584345485444 fire_mono=610584335848541
23:26:50 sim11 id=11 event m14 fired dev_deadline=610584346153509 fire_mono=610584335855125
23:26:50 sim1 id=1 event m14 fired dev_deadline=610584310892185 fire_mono=610584335861333
23:26:50 sim12 id=12 event m14 fired dev_deadline=610584357222513 fire_mono=610584335866125
23:26:50 sim8 id=8 event m14 fired dev_deadline=610584367992720 fire_mono=610584335870708
23:26:50 sim6 id=6 event m14 fired dev_deadline=610584293656893 fire_mono=610584335875375
23:26:50 sim10 id=10 event m14 fired dev_deadline=610584319597688 fire_mono=610584335879791
23:26:50 sim9 id=9 event m14 fired dev_deadline=610584364310189 fire_mono=610584335884833
23:26:50 sim1 id=1 sync offset=-19402753ns
23:26:50 sim2 id=2 sync offset=13204633ns
23:26:50 sim3 id=3 sync offset=-30647953ns
23:26:50 sim4 id=4 sync offset=-36542554ns
23:26:50 sim5 id=5 sync offset=15203715ns
23:26:50 sim6 id=6 sync offset=-36631181ns
23:26:50 sim7 id=7 sync offset=-9715527ns
23:26:50 sim8 id=8 sync offset=37716960ns
23:26:50 sim9 id=9 sync offset=34031960ns
23:26:50 sim10 id=10 sync offset=-10682083ns
23:26:50 sim11 id=11 sync offset=15854123ns
23:26:50 sim12 id=12 sync offset=26927794ns
23:26:50 sim13 id=13 sync offset=2488498ns
23:26:50 sim14 id=14 sync offset=-20073216ns
23:26:50 sim15 id=15 sync offset=39820687ns
23:26:50 sim16 id=16 sync offset=-25037426ns
23:26:51 sim11 id=11 event m15 fired dev_deadline=610584446500206 fire_mono=610584440692416
23:26:51 sim12 id=12 event m15 fired dev_deadline=610584457573877 fire_mono=610584440766166
23:26:51 sim7 id=7 event m15 fired dev_deadline=610584420935659 fire_mono=610584440788291
23:26:51 sim3 id=3 event m15 fired dev_deadline=610584399997870 fire_mono=610584440805541
23:26:51 sim2 id=2 event m15 fired dev_deadline=610584443839529 fire_mono=610584440820500
23:26:51 sim4 id=4 event m15 fired dev_deadline=610584394112738 fire_mono=610584440834333
23:26:51 sim5 id=5 event m15 fired dev_deadline=610584445856527 fire_mono=610584440848416
23:26:51 sim13 id=13 event m15 fired dev_deadline=610584433134581 fire_mono=610584440861500
23:26:51 sim1 id=1 event m15 fired dev_deadline=610584411264747 fire_mono=610584440874583
23:26:51 sim8 id=8 event m15 fired dev_deadline=610584468363043 fire_mono=610584440887708
23:26:51 sim6 id=6 event m15 fired dev_deadline=610584394026799 fire_mono=610584440900041
23:26:51 sim14 id=14 event m15 fired dev_deadline=610584410572867 fire_mono=610584440912666
23:26:51 sim15 id=15 event m15 fired dev_deadline=610584470466770 fire_mono=610584440930166
23:26:51 sim10 id=10 event m15 fired dev_deadline=610584419964000 fire_mono=610584440943458
23:26:51 sim9 id=9 event m15 fired dev_deadline=610584464678043 fire_mono=610584440956750
23:26:51 sim16 id=16 event m15 fired dev_deadline=610584405608657 fire_mono=610584440968833
23:26:51 sim11 id=11 event m16 fired dev_deadline=610584546757789 fire_mono=610584535241250
23:26:51 sim12 id=12 event m16 fired dev_deadline=610584557831460 fire_mono=610584535321541
23:26:51 sim7 id=7 event m16 fired dev_deadline=610584521193242 fire_mono=610584535350500
23:26:51 sim3 id=3 event m16 fired dev_deadline=610584500255453 fire_mono=610584535376583
23:26:51 sim2 id=2 event m16 fired dev_deadline=610584544097112 fire_mono=610584535397250
23:26:51 sim4 id=4 event m16 fired dev_deadline=610584494370321 fire_mono=610584535413708
23:26:51 sim5 id=5 event m16 fired dev_deadline=610584546114110 fire_mono=610584535429000
23:26:51 sim13 id=13 event m16 fired dev_deadline=610584533392164 fire_mono=610584535444666
23:26:51 sim1 id=1 event m16 fired dev_deadline=610584511522330 fire_mono=610584535460416
23:26:51 sim8 id=8 event m16 fired dev_deadline=610584568620626 fire_mono=610584535476458
23:26:51 sim6 id=6 event m16 fired dev_deadline=610584494284382 fire_mono=610584535491500
23:26:51 sim14 id=14 event m16 fired dev_deadline=610584510830450 fire_mono=610584535506916
23:26:51 sim15 id=15 event m16 fired dev_deadline=610584570724353 fire_mono=610584535522875
23:26:51 sim10 id=10 event m16 fired dev_deadline=610584520221583 fire_mono=610584535540250
23:26:51 sim9 id=9 event m16 fired dev_deadline=610584564935626 fire_mono=610584535556083
23:26:51 sim16 id=16 event m16 fired dev_deadline=610584505866240 fire_mono=610584535571375
23:26:51 sim11 id=11 event m17 fired dev_deadline=610584647234873 fire_mono=610584636901500
23:26:51 sim12 id=12 event m17 fired dev_deadline=610584658308544 fire_mono=610584636995041
23:26:51 sim7 id=7 event m17 fired dev_deadline=610584621670326 fire_mono=610584637018208
23:26:51 sim3 id=3 event m17 fired dev_deadline=610584600732537 fire_mono=610584637038750
23:26:51 sim2 id=2 event m17 fired dev_deadline=610584644574196 fire_mono=610584637051875
23:26:51 sim4 id=4 event m17 fired dev_deadline=610584594847405 fire_mono=610584637064125
23:26:51 sim5 id=5 event m17 fired dev_deadline=610584646591194 fire_mono=610584637075791
23:26:51 sim13 id=13 event m17 fired dev_deadline=610584633869248 fire_mono=610584637087083
23:26:51 sim1 id=1 event m17 fired dev_deadline=610584611999414 fire_mono=610584637098458
23:26:51 sim8 id=8 event m17 fired dev_deadline=610584669097710 fire_mono=610584637109750
23:26:51 sim6 id=6 event m17 fired dev_deadline=610584594761466 fire_mono=610584637121291
23:26:51 sim14 id=14 event m17 fired dev_deadline=610584611307534 fire_mono=610584637132083
23:26:51 sim15 id=15 event m17 fired dev_deadline=610584671201437 fire_mono=610584637142916
23:26:51 sim10 id=10 event m17 fired dev_deadline=610584620698667 fire_mono=610584637153875
23:26:51 sim9 id=9 event m17 fired dev_deadline=610584665412710 fire_mono=610584637164625
23:26:51 sim16 id=16 event m17 fired dev_deadline=610584606343324 fire_mono=610584637175916
23:26:51 sim11 id=11 event m18 fired dev_deadline=610584749356039 fire_mono=610584740079583
23:26:51 sim12 id=12 event m18 fired dev_deadline=610584760429710 fire_mono=610584740144583
23:26:51 sim7 id=7 event m18 fired dev_deadline=610584723791492 fire_mono=610584740155541
23:26:51 sim3 id=3 event m18 fired dev_deadline=610584702853703 fire_mono=610584740162708
23:26:51 sim2 id=2 event m18 fired dev_deadline=610584746695362 fire_mono=610584740171666
23:26:51 sim4 id=4 event m18 fired dev_deadline=610584696968571 fire_mono=610584740179291
23:26:51 sim5 id=5 event m18 fired dev_deadline=610584748712360 fire_mono=610584740185041
23:26:51 sim13 id=13 event m18 fired dev_deadline=610584735990414 fire_mono=610584740190166
23:26:51 sim1 id=1 event m18 fired dev_deadline=610584714120580 fire_mono=610584740194750
23:26:51 sim8 id=8 event m18 fired dev_deadline=610584771218876 fire_mono=610584740200000
23:26:51 sim6 id=6 event m18 fired dev_deadline=610584696882632 fire_mono=610584740213666
23:26:51 sim14 id=14 event m18 fired dev_deadline=610584713428700 fire_mono=610584740221125
23:26:51 sim15 id=15 event m18 fired dev_deadline=610584773322603 fire_mono=610584740225875
23:26:51 sim10 id=10 event m18 fired dev_deadline=610584722819833 fire_mono=610584740242208
23:26:51 sim9 id=9 event m18 fired dev_deadline=610584767533876 fire_mono=610584740247208
23:26:51 sim16 id=16 event m18 fired dev_deadline=610584708464490 fire_mono=610584740267083
23:26:51 sim11 id=11 event m19 fired dev_deadline=610584851462664 fire_mono=610584842077125
23:26:51 sim12 id=12 event m19 fired dev_deadline=610584862536335 fire_mono=610584842149750
23:26:51 sim7 id=7 event m19 fired dev_deadline=610584825898117 fire_mono=610584842175583
23:26:51 sim3 id=3 event m19 fired dev_deadline=610584804960328 fire_mono=610584842192166
23:26:51 sim2 id=2 event m19 fired dev_deadline=610584848801987 fire_mono=610584842206791
23:26:51 sim4 id=4 event m19 fired dev_deadline=610584799075196 fire_mono=610584842220500
23:26:51 sim5 id=5 event m19 fired dev_deadline=610584850818985 fire_mono=610584842235250
23:26:51 sim13 id=13 event m19 fired dev_deadline=610584838097039 fire_mono=610584842247833
23:26:51 sim1 id=1 event m19 fired dev_deadline=610584816227205 fire_mono=610584842260541
23:26:51 sim8 id=8 event m19 fired dev_deadline=610584873325501 fire_mono=610584842272583
23:26:51 sim6 id=6 event m19 fired dev_deadline=610584798989257 fire_mono=610584842285250
23:26:51 sim14 id=14 event m19 fired dev_deadline=610584815535325 fire_mono=610584842297958
23:26:51 sim15 id=15 event m19 fired dev_deadline=610584875429228 fire_mono=610584842310416
23:26:51 sim10 id=10 event m19 fired dev_deadline=610584824926458 fire_mono=610584842325208
23:26:51 sim9 id=9 event m19 fired dev_deadline=610584869640501 fire_mono=610584842337000
23:26:51 sim16 id=16 event m19 fired dev_deadline=610584810571115 fire_mono=610584842348416
23:26:51 sim1 id=1 sync offset=-19402753ns
23:26:51 sim2 id=2 sync offset=13198019ns
23:26:51 sim3 id=3 sync offset=-30648213ns
23:26:51 sim4 id=4 sync offset=-36545106ns
23:26:51 sim5 id=5 sync offset=15198236ns
23:26:51 sim6 id=6 sync offset=-36635264ns
23:26:51 sim7 id=7 sync offset=-9716506ns
23:26:51 sim8 id=8 sync offset=37705637ns
23:26:51 sim9 id=9 sync offset=34019637ns
23:26:51 sim10 id=10 sync offset=-10694562ns
23:26:51 sim11 id=11 sync offset=15880207ns
23:26:51 sim12 id=12 sync offset=26949523ns
23:26:51 sim13 id=13 sync offset=2502311ns
23:26:51 sim14 id=14 sync offset=-20049195ns
23:26:51 sim15 id=15 sync offset=39843729ns
23:26:51 sim16 id=16 sync offset=-25018499ns
23:26:51 sim1 id=1 sync offset=-19402753ns
23:26:51 sim2 id=2 sync offset=13189425ns
23:26:51 sim3 id=3 sync offset=-30650005ns
23:26:51 sim4 id=4 sync offset=-36547658ns
23:26:51 sim5 id=5 sync offset=15197694ns
23:26:51 sim6 id=6 sync offset=-36639347ns
23:26:51 sim7 id=7 sync offset=-9717486ns
23:26:51 sim8 id=8 sync offset=37694314ns
23:26:51 sim9 id=9 sync offset=33998356ns
23:26:51 sim10 id=10 sync offset=-10719083ns
23:26:51 sim11 id=11 sync offset=15854123ns
23:26:51 sim12 id=12 sync offset=26927794ns
23:26:51 sim13 id=13 sync offset=2488498ns
23:26:51 sim14 id=14 sync offset=-20069362ns
23:26:51 sim15 id=15 sync offset=39823676ns
23:26:51 sim16 id=16 sync offset=-25037426ns
