[PASS] generate() still returns seed and run_id
[PASS] generate() additionally returns version
[PASS] generate() additionally returns patch_fingerprint
[PASS] version is a string
[PASS] patch_fingerprint is a string
[PASS] resolve_version matches `git rev-parse --short HEAD`
[PASS] resolve_version degrades to 'unknown' outside a git repo
[PASS] no patch path resolves to 'unknown'
[PASS] nonexistent patch path resolves to 'unknown' (not the empty-manifest hash)
[PASS] an unwarmed cache degrades to 'unknown' rather than hashing
[PASS] a warm cache resolves a real 64-hex fingerprint
[PASS] the resolved fingerprint matches identity.fingerprint's direct hash
[PASS] version never parses as a float
[PASS] patch_fingerprint never parses as a float
[PASS] generate() honours an explicit patches_dir outside <repo>/patches
[PASS] bash/start-engine.sh wires BOPOS_VERSION=\S*BOPOS_VERSION
[PASS] bash/start-engine.sh wires BOPOS_PATCH_FINGERPRINT
[PASS] bash/start-engine.sh wires bopos-context version \$BOPOS_VERSION
[PASS] bash/start-engine.sh wires bopos-context patch-fingerprint \$BOPOS_PATCH_FINGERPRINT
[FAIL] bash/start-laptop.sh readable -- [Errno 2] No such file or directory: '/home/bob/repos/bopOS/bash/start-laptop.sh'
[PASS] tools/perf_matrix.sh wires bopos-context version \$BOPOS_VERSION
[PASS] tools/perf_matrix.sh wires bopos-context patch-fingerprint \$BOPOS_PATCH_FINGERPRINT
[PASS] audition.py PD startup sends bopos-context version
[PASS] audition.py PD startup sends bopos-context patch-fingerprint
[PASS] audition.py non-PD env carries BOPOS_VERSION
[PASS] audition.py non-PD env carries BOPOS_PATCH_FINGERPRINT
[PASS] simfleet.py still launches no engine process (run context has nothing to mirror)

27/28 passed
