[PASS] old device schema is hard-broken
[PASS] seat authors before any device
[PASS] bind sends full ordinary assignment
Traceback (most recent call last):
  File "/home/bob/repos/bopOS/.loom/threads/23-waveform-marker-guard-regression.stitching/sweep/rerun/d8-1-seat-model__verify_d8_seat_model.py", line 85, in <module>
    if __name__ == "__main__": raise SystemExit(asyncio.run(main()))
                                                ^^^^^^^^^^^^^^^^^^^
  File "/usr/lib/python3.12/asyncio/runners.py", line 194, in run
    return runner.run(main)
           ^^^^^^^^^^^^^^^^
  File "/usr/lib/python3.12/asyncio/runners.py", line 118, in run
    return self._loop.run_until_complete(task)
           ^^^^^^^^^^^^^^^^^^^^^^^^^^^^^^^^^^^
  File "/usr/lib/python3.12/asyncio/base_events.py", line 687, in run_until_complete
    return future.result()
           ^^^^^^^^^^^^^^^
  File "/home/bob/repos/bopOS/.loom/threads/23-waveform-marker-guard-regression.stitching/sweep/rerun/d8-1-seat-model__verify_d8_seat_model.py", line 54, in main
    await dash.handle_ws({"type":"unbind_seat","data":{"id":0}})
  File "/home/bob/repos/bopOS/dashboard/server.py", line 285, in handle_ws
    return await self.handle_ws(message, ws, supervisor_locked=True)
           ^^^^^^^^^^^^^^^^^^^^^^^^^^^^^^^^^^^^^^^^^^^^^^^^^^^^^^^^^
  File "/home/bob/repos/bopOS/dashboard/server.py", line 865, in handle_ws
    if not await self.revoke_online(seat.get("bound"), ws, "unassign this Seat"):
           ^^^^^^^^^^^^^^^^^^^^^^^^^^^^^^^^^^^^^^^^^^^^^^^^^^^^^^^^^^^^^^^^^^^^^
  File "/home/bob/repos/bopOS/dashboard/server.py", line 1212, in revoke_online
    if await self.osc.unassign(uid):
             ^^^^^^^^^^^^^^^^^
AttributeError: 'FakeOSC' object has no attribute 'unassign'. Did you mean: 'assign'?
