Traceback (most recent call last):
  File "/home/bob/repos/bopOS/.loom/threads/23-waveform-marker-guard-regression.stitching/sweep/rerun/seam-2-master-term__verify_master_term.py", line 134, in main
    target = next(uid for uid, dev in devices.items() if int(dev["id"]) == 1)
             ^^^^^^^^^^^^^^^^^^^^^^^^^^^^^^^^^^^^^^^^^^^^^^^^^^^^^^^^^^^^^^^^
StopIteration

The above exception was the direct cause of the following exception:

Traceback (most recent call last):
  File "/home/bob/repos/bopOS/.loom/threads/23-waveform-marker-guard-regression.stitching/sweep/rerun/seam-2-master-term__verify_master_term.py", line 210, in <module>
    raise SystemExit(asyncio.run(main()))
                     ^^^^^^^^^^^^^^^^^^^
  File "/usr/lib/python3.12/asyncio/runners.py", line 194, in run
    return runner.run(main)
           ^^^^^^^^^^^^^^^^
  File "/usr/lib/python3.12/asyncio/runners.py", line 118, in run
    return self._loop.run_until_complete(task)
           ^^^^^^^^^^^^^^^^^^^^^^^^^^^^^^^^^^^
  File "/usr/lib/python3.12/asyncio/base_events.py", line 687, in run_until_complete
    return future.result()
           ^^^^^^^^^^^^^^^
RuntimeError: coroutine raised StopIteration
