Python 3.14.7 arm64
adafruit-blinka 9.2.0 OK
adafruit-circuitpython-ads1x15 3.0.5 OK
adafruit-circuitpython-busdevice 5.2.17 OK
adafruit-circuitpython-connectionmanager 3.1.8 OK
adafruit-circuitpython-mpr121 2.1.27 OK
adafruit-circuitpython-requests 4.1.17 OK
adafruit-circuitpython-typing 1.12.3 OK
adafruit-platformdetect 3.89.1 OK
adafruit-pureio 1.1.12 OK
annotated-doc 0.0.4 OK
annotated-types 0.7.0 OK
anyio 4.14.1 OK
binho-host-adapter 0.1.6 OK
click 8.4.2 OK
fastapi 0.139.0 OK
greenlet 3.5.3 OK
h11 0.16.0 OK
hidapi 0.15.0 OK
httptools 0.8.0 OK
idna 3.18 OK
piicodev 1.11.0 OK
pillow 12.3.0 OK
playwright 1.61.0 OK
pydantic 2.13.4 OK
pydantic-core 2.46.4 OK
pyee 13.0.1 OK
pyflakes 4.0.1 OK
pyftdi 0.57.2 OK
pyosc3 1.2 OK
pyserial 3.5 OK
python-dotenv 1.2.2 OK
python-osc 1.10.2 OK
pyusb 1.3.1 OK
pyyaml 6.0.3 OK
smbus2 0.6.1 OK
starlette 1.3.1 OK
typing-extensions 4.16.0 OK
typing-inspection 0.4.2 OK
uvicorn 0.51.0 OK
uvloop 0.22.1 OK
watchfiles 1.2.0 OK
websockets 16.0 OK
