WARNING: Cache entry deserialization failed, entry ignored
WARNING: Cache entry deserialization failed, entry ignored
Collecting fastapi (from -r /Users/bob/repos/bopOS/dashboard/requirements.txt (line 2))
  Using cached fastapi-0.139.0-py3-none-any.whl.metadata (26 kB)
WARNING: Cache entry deserialization failed, entry ignored
WARNING: Cache entry deserialization failed, entry ignored
Collecting python-osc (from -r /Users/bob/repos/bopOS/dashboard/requirements.txt (line 4))
  Using cached python_osc-1.10.2-py3-none-any.whl.metadata (6.4 kB)
WARNING: Cache entry deserialization failed, entry ignored
WARNING: Cache entry deserialization failed, entry ignored
Collecting websockets (from -r /Users/bob/repos/bopOS/dashboard/requirements.txt (line 5))
  Using cached websockets-16.0-cp314-cp314-macosx_11_0_arm64.whl.metadata (6.8 kB)
Collecting pyOSC3 (from -r /Users/bob/repos/bopOS/dashboard/requirements.txt (line 6))
  Using cached pyosc3-1.2-py3-none-any.whl
Collecting playwright (from -r requirements-dev.txt (line 5))
  Using cached playwright-1.61.0-py3-none-macosx_11_0_arm64.whl.metadata (3.3 kB)
Collecting Pillow (from -r requirements-dev.txt (line 6))
  Using cached pillow-12.3.0-cp314-cp314-macosx_11_0_arm64.whl.metadata (9.1 kB)
Collecting pyflakes (from -r requirements-dev.txt (line 7))
  Using cached pyflakes-4.0.1-py2.py3-none-any.whl.metadata (3.7 kB)
Collecting adafruit-circuitpython-ads1x15 (from -r /Users/bob/repos/bopOS/python/requirements.txt (line 8))
  Using cached adafruit_circuitpython_ads1x15-3.0.5-py3-none-any.whl.metadata (4.2 kB)
Collecting adafruit-circuitpython-mpr121 (from -r /Users/bob/repos/bopOS/python/requirements.txt (line 9))
  Using cached adafruit_circuitpython_mpr121-2.1.27-py3-none-any.whl.metadata (3.5 kB)
Collecting adafruit-circuitpython-busdevice (from -r /Users/bob/repos/bopOS/python/requirements.txt (line 10))
  Using cached adafruit_circuitpython_busdevice-5.2.17-py3-none-any.whl.metadata (4.1 kB)
Collecting piicodev (from -r /Users/bob/repos/bopOS/python/requirements.txt (line 13))
  Using cached piicodev-1.11.0-py3-none-any.whl.metadata (2.8 kB)
Collecting adafruit-blinka (from -r python/requirements-laptop.txt (line 5))
  Using cached adafruit_blinka-9.2.0-py3-none-any.whl.metadata (5.8 kB)
Collecting hidapi (from -r python/requirements-laptop.txt (line 6))
  Using cached hidapi-0.15.0-cp314-cp314-macosx_11_0_arm64.whl.metadata (3.7 kB)
WARNING: Cache entry deserialization failed, entry ignored
WARNING: Cache entry deserialization failed, entry ignored
Collecting uvicorn[standard] (from -r /Users/bob/repos/bopOS/dashboard/requirements.txt (line 3))
  Using cached uvicorn-0.51.0-py3-none-any.whl.metadata (6.6 kB)
WARNING: Cache entry deserialization failed, entry ignored
WARNING: Cache entry deserialization failed, entry ignored
Collecting starlette>=0.46.0 (from fastapi->-r /Users/bob/repos/bopOS/dashboard/requirements.txt (line 2))
  Using cached starlette-1.3.1-py3-none-any.whl.metadata (6.4 kB)
WARNING: Cache entry deserialization failed, entry ignored
WARNING: Cache entry deserialization failed, entry ignored
Collecting pydantic>=2.9.0 (from fastapi->-r /Users/bob/repos/bopOS/dashboard/requirements.txt (line 2))
  Using cached pydantic-2.13.4-py3-none-any.whl.metadata (109 kB)
Collecting typing-extensions>=4.8.0 (from fastapi->-r /Users/bob/repos/bopOS/dashboard/requirements.txt (line 2))
  Using cached typing_extensions-4.16.0-py3-none-any.whl.metadata (3.3 kB)
WARNING: Cache entry deserialization failed, entry ignored
WARNING: Cache entry deserialization failed, entry ignored
Collecting typing-inspection>=0.4.2 (from fastapi->-r /Users/bob/repos/bopOS/dashboard/requirements.txt (line 2))
  Using cached typing_inspection-0.4.2-py3-none-any.whl.metadata (2.6 kB)
WARNING: Cache entry deserialization failed, entry ignored
WARNING: Cache entry deserialization failed, entry ignored
Collecting annotated-doc>=0.0.2 (from fastapi->-r /Users/bob/repos/bopOS/dashboard/requirements.txt (line 2))
  Using cached annotated_doc-0.0.4-py3-none-any.whl.metadata (6.6 kB)
WARNING: Cache entry deserialization failed, entry ignored
WARNING: Cache entry deserialization failed, entry ignored
Collecting click>=7.0 (from uvicorn[standard]->-r /Users/bob/repos/bopOS/dashboard/requirements.txt (line 3))
  Using cached click-8.4.2-py3-none-any.whl.metadata (2.6 kB)
WARNING: Cache entry deserialization failed, entry ignored
WARNING: Cache entry deserialization failed, entry ignored
Collecting h11>=0.8 (from uvicorn[standard]->-r /Users/bob/repos/bopOS/dashboard/requirements.txt (line 3))
  Using cached h11-0.16.0-py3-none-any.whl.metadata (8.3 kB)
WARNING: Cache entry deserialization failed, entry ignored
WARNING: Cache entry deserialization failed, entry ignored
Collecting httptools>=0.8.0 (from uvicorn[standard]->-r /Users/bob/repos/bopOS/dashboard/requirements.txt (line 3))
  Using cached httptools-0.8.0-cp314-cp314-macosx_11_0_arm64.whl.metadata (3.5 kB)
WARNING: Cache entry deserialization failed, entry ignored
WARNING: Cache entry deserialization failed, entry ignored
Collecting python-dotenv>=0.13 (from uvicorn[standard]->-r /Users/bob/repos/bopOS/dashboard/requirements.txt (line 3))
  Using cached python_dotenv-1.2.2-py3-none-any.whl.metadata (27 kB)
WARNING: Cache entry deserialization failed, entry ignored
WARNING: Cache entry deserialization failed, entry ignored
Collecting pyyaml>=5.1 (from uvicorn[standard]->-r /Users/bob/repos/bopOS/dashboard/requirements.txt (line 3))
  Using cached pyyaml-6.0.3-cp314-cp314-macosx_11_0_arm64.whl.metadata (2.4 kB)
WARNING: Cache entry deserialization failed, entry ignored
WARNING: Cache entry deserialization failed, entry ignored
Collecting uvloop>=0.15.1 (from uvicorn[standard]->-r /Users/bob/repos/bopOS/dashboard/requirements.txt (line 3))
  Using cached uvloop-0.22.1-cp314-cp314-macosx_10_13_universal2.whl.metadata (4.9 kB)
WARNING: Cache entry deserialization failed, entry ignored
WARNING: Cache entry deserialization failed, entry ignored
Collecting watchfiles>=0.20 (from uvicorn[standard]->-r /Users/bob/repos/bopOS/dashboard/requirements.txt (line 3))
  Using cached watchfiles-1.2.0-cp314-cp314-macosx_11_0_arm64.whl.metadata (4.9 kB)
Collecting pyee<14,>=13 (from playwright->-r requirements-dev.txt (line 5))
  Using cached pyee-13.0.1-py3-none-any.whl.metadata (3.0 kB)
Collecting greenlet<4.0.0,>=3.1.1 (from playwright->-r requirements-dev.txt (line 5))
  Using cached greenlet-3.5.3-cp314-cp314-macosx_11_0_universal2.whl.metadata (3.8 kB)
Collecting adafruit-circuitpython-typing (from adafruit-circuitpython-busdevice->-r /Users/bob/repos/bopOS/python/requirements.txt (line 10))
  Using cached adafruit_circuitpython_typing-1.12.3-py3-none-any.whl.metadata (3.3 kB)
Collecting smbus2>=0.4.1 (from piicodev->-r /Users/bob/repos/bopOS/python/requirements.txt (line 13))
  Using cached smbus2-0.6.1-py2.py3-none-any.whl.metadata (7.1 kB)
Collecting Adafruit-PlatformDetect>=3.89.1 (from adafruit-blinka->-r python/requirements-laptop.txt (line 5))
  Using cached adafruit_platformdetect-3.89.1-py3-none-any.whl.metadata (3.8 kB)
Collecting Adafruit-PureIO>=1.1.7 (from adafruit-blinka->-r python/requirements-laptop.txt (line 5))
  Using cached adafruit_pureio-1.1.12-py3-none-any.whl.metadata (3.0 kB)
Collecting binho-host-adapter>=0.1.6 (from adafruit-blinka->-r python/requirements-laptop.txt (line 5))
  Using cached binho_host_adapter-0.1.6-py3-none-any.whl.metadata (2.0 kB)
Collecting pyftdi>=0.40.0 (from adafruit-blinka->-r python/requirements-laptop.txt (line 5))
  Using cached pyftdi-0.57.2-py3-none-any.whl.metadata (3.4 kB)
Collecting pyserial (from binho-host-adapter>=0.1.6->adafruit-blinka->-r python/requirements-laptop.txt (line 5))
  Using cached pyserial-3.5-py2.py3-none-any.whl.metadata (1.6 kB)
WARNING: Cache entry deserialization failed, entry ignored
WARNING: Cache entry deserialization failed, entry ignored
Collecting annotated-types>=0.6.0 (from pydantic>=2.9.0->fastapi->-r /Users/bob/repos/bopOS/dashboard/requirements.txt (line 2))
  Using cached annotated_types-0.7.0-py3-none-any.whl.metadata (15 kB)
WARNING: Cache entry deserialization failed, entry ignored
WARNING: Cache entry deserialization failed, entry ignored
Collecting pydantic-core==2.46.4 (from pydantic>=2.9.0->fastapi->-r /Users/bob/repos/bopOS/dashboard/requirements.txt (line 2))
  Using cached pydantic_core-2.46.4-cp314-cp314-macosx_11_0_arm64.whl.metadata (6.6 kB)
Collecting pyusb!=1.2.0,>=1.0.0 (from pyftdi>=0.40.0->adafruit-blinka->-r python/requirements-laptop.txt (line 5))
  Using cached pyusb-1.3.1-py3-none-any.whl.metadata (2.5 kB)
WARNING: Cache entry deserialization failed, entry ignored
WARNING: Cache entry deserialization failed, entry ignored
Collecting anyio<5,>=3.6.2 (from starlette>=0.46.0->fastapi->-r /Users/bob/repos/bopOS/dashboard/requirements.txt (line 2))
  Using cached anyio-4.14.1-py3-none-any.whl.metadata (4.6 kB)
Collecting idna>=2.8 (from anyio<5,>=3.6.2->starlette>=0.46.0->fastapi->-r /Users/bob/repos/bopOS/dashboard/requirements.txt (line 2))
  Using cached idna-3.18-py3-none-any.whl.metadata (6.1 kB)
Collecting adafruit-circuitpython-requests (from adafruit-circuitpython-typing->adafruit-circuitpython-busdevice->-r /Users/bob/repos/bopOS/python/requirements.txt (line 10))
  Using cached adafruit_circuitpython_requests-4.1.17-py3-none-any.whl.metadata (3.6 kB)
Collecting Adafruit-Circuitpython-ConnectionManager (from adafruit-circuitpython-requests->adafruit-circuitpython-typing->adafruit-circuitpython-busdevice->-r /Users/bob/repos/bopOS/python/requirements.txt (line 10))
  Using cached adafruit_circuitpython_connectionmanager-3.1.8-py3-none-any.whl.metadata (4.5 kB)
Using cached fastapi-0.139.0-py3-none-any.whl (130 kB)
Using cached uvicorn-0.51.0-py3-none-any.whl (73 kB)
Using cached python_osc-1.10.2-py3-none-any.whl (45 kB)
Using cached websockets-16.0-cp314-cp314-macosx_11_0_arm64.whl (175 kB)
Using cached playwright-1.61.0-py3-none-macosx_11_0_arm64.whl (42.2 MB)
Using cached greenlet-3.5.3-cp314-cp314-macosx_11_0_universal2.whl (288 kB)
Using cached pyee-13.0.1-py3-none-any.whl (15 kB)
Using cached pillow-12.3.0-cp314-cp314-macosx_11_0_arm64.whl (4.8 MB)
Using cached pyflakes-4.0.1-py2.py3-none-any.whl (66 kB)
Using cached adafruit_circuitpython_ads1x15-3.0.5-py3-none-any.whl (11 kB)
Using cached typing_extensions-4.16.0-py3-none-any.whl (45 kB)
Using cached adafruit_circuitpython_mpr121-2.1.27-py3-none-any.whl (6.5 kB)
Using cached adafruit_circuitpython_busdevice-5.2.17-py3-none-any.whl (7.5 kB)
Using cached piicodev-1.11.0-py3-none-any.whl (110 kB)
Using cached adafruit_blinka-9.2.0-py3-none-any.whl (1.1 MB)
Using cached hidapi-0.15.0-cp314-cp314-macosx_11_0_arm64.whl (69 kB)
Using cached adafruit_platformdetect-3.89.1-py3-none-any.whl (27 kB)
Using cached adafruit_pureio-1.1.12-py3-none-any.whl (10 kB)
Using cached annotated_doc-0.0.4-py3-none-any.whl (5.3 kB)
Using cached binho_host_adapter-0.1.6-py3-none-any.whl (10 kB)
Using cached click-8.4.2-py3-none-any.whl (119 kB)
Using cached h11-0.16.0-py3-none-any.whl (37 kB)
Using cached httptools-0.8.0-cp314-cp314-macosx_11_0_arm64.whl (112 kB)
Using cached pydantic-2.13.4-py3-none-any.whl (472 kB)
Using cached pydantic_core-2.46.4-cp314-cp314-macosx_11_0_arm64.whl (2.0 MB)
Using cached annotated_types-0.7.0-py3-none-any.whl (13 kB)
Using cached pyftdi-0.57.2-py3-none-any.whl (146 kB)
Using cached pyserial-3.5-py2.py3-none-any.whl (90 kB)
Using cached python_dotenv-1.2.2-py3-none-any.whl (22 kB)
Using cached pyusb-1.3.1-py3-none-any.whl (58 kB)
Using cached pyyaml-6.0.3-cp314-cp314-macosx_11_0_arm64.whl (173 kB)
Using cached smbus2-0.6.1-py2.py3-none-any.whl (11 kB)
Using cached starlette-1.3.1-py3-none-any.whl (73 kB)
Using cached anyio-4.14.1-py3-none-any.whl (124 kB)
Using cached idna-3.18-py3-none-any.whl (65 kB)
Using cached typing_inspection-0.4.2-py3-none-any.whl (14 kB)
Using cached uvloop-0.22.1-cp314-cp314-macosx_10_13_universal2.whl (1.4 MB)
Using cached watchfiles-1.2.0-cp314-cp314-macosx_11_0_arm64.whl (392 kB)
Using cached adafruit_circuitpython_typing-1.12.3-py3-none-any.whl (11 kB)
Using cached adafruit_circuitpython_requests-4.1.17-py3-none-any.whl (10 kB)
Using cached adafruit_circuitpython_connectionmanager-3.1.8-py3-none-any.whl (7.8 kB)
Installing collected packages: smbus2, pyserial, pyOSC3, hidapi, Adafruit-PlatformDetect, websockets, uvloop, typing-extensions, pyyaml, pyusb, python-osc, python-dotenv, pyflakes, Pillow, piicodev, idna, httptools, h11, greenlet, click, binho-host-adapter, annotated-types, annotated-doc, Adafruit-PureIO, uvicorn, typing-inspection, pyftdi, pyee, pydantic-core, anyio, watchfiles, starlette, pydantic, playwright, fastapi, Adafruit-Circuitpython-ConnectionManager, adafruit-blinka, adafruit-circuitpython-requests, adafruit-circuitpython-typing, adafruit-circuitpython-busdevice, adafruit-circuitpython-mpr121, adafruit-circuitpython-ads1x15

Successfully installed Adafruit-Circuitpython-ConnectionManager-3.1.8 Adafruit-PlatformDetect-3.89.1 Adafruit-PureIO-1.1.12 Pillow-12.3.0 adafruit-blinka-9.2.0 adafruit-circuitpython-ads1x15-3.0.5 adafruit-circuitpython-busdevice-5.2.17 adafruit-circuitpython-mpr121-2.1.27 adafruit-circuitpython-requests-4.1.17 adafruit-circuitpython-typing-1.12.3 annotated-doc-0.0.4 annotated-types-0.7.0 anyio-4.14.1 binho-host-adapter-0.1.6 click-8.4.2 fastapi-0.139.0 greenlet-3.5.3 h11-0.16.0 hidapi-0.15.0 httptools-0.8.0 idna-3.18 piicodev-1.11.0 playwright-1.61.0 pyOSC3-1.2 pydantic-2.13.4 pydantic-core-2.46.4 pyee-13.0.1 pyflakes-4.0.1 pyftdi-0.57.2 pyserial-3.5 python-dotenv-1.2.2 python-osc-1.10.2 pyusb-1.3.1 pyyaml-6.0.3 smbus2-0.6.1 starlette-1.3.1 typing-extensions-4.16.0 typing-inspection-0.4.2 uvicorn-0.51.0 uvloop-0.22.1 watchfiles-1.2.0 websockets-16.0
