Python 3.9.6 arm64
adafruit-blinka 9.2.0 OK
adafruit-circuitpython-ads1x15 3.0.5 OK
adafruit-circuitpython-busdevice 5.2.17 OK
adafruit-circuitpython-connectionmanager 3.1.8 OK
adafruit-circuitpython-mpr121 2.1.27 OK
adafruit-circuitpython-requests 4.1.17 OK
adafruit-circuitpython-typing 1.12.3 OK
adafruit-platformdetect 3.89.1 OK
adafruit-pureio 1.1.12 OK
annotated-doc 0.0.5 OK
annotated-types 0.7.0 OK
anyio 4.12.1 OK
binho-host-adapter 0.1.6 OK
click 8.1.8 OK
exceptiongroup 1.3.1 OK
fastapi 0.128.8 OK
greenlet 3.2.5 OK
h11 0.16.0 OK
hidapi 0.15.0 OK
httptools 0.8.0 OK
idna 3.20 OK
piicodev 1.11.0 OK
pillow 11.3.0 OK
playwright 1.60.0 OK
pydantic 2.13.5 OK
pydantic-core 2.46.5 OK
pyee 13.0.1 OK
pyflakes 3.4.0 OK
pyftdi 0.57.2 OK
pyosc3 1.2 OK
pyserial 3.5 OK
python-dotenv 1.2.1 OK
python-osc 1.8.3 OK
pyusb 1.3.1 OK
pyyaml 6.0.3 OK
smbus2 0.6.1 OK
starlette 0.49.3 OK
toml 0.10.2 OK
typing-extensions 4.16.0 OK
typing-inspection 0.4.2 OK
uvicorn 0.39.0 OK
uvloop 0.23.0 OK
watchfiles 1.1.1 OK
websockets 15.0.1 OK
