[PASS] component is loaded on the facilitator page
[PASS] all card renders rows through the component
[PASS] nested path renders a param branch
[PASS] string and toggle declarations render their own kinds
[PASS] a focused text draft survives a heartbeat re-render
[PASS] Enter commits the text value through the real simfleet
[PASS] blur commits a changed text value through simfleet
[PASS] the facilitator keeps value, slider, and ∿ atomic below its narrow breakpoint
[PASS] group card renders rows through the component
[PASS] seat cards render rows through the component
[PASS] device-scoped value and automation presentation is markup-identical to seat scope
[PASS] device-scoped row calls the host send with scope+uid
[PASS] the row is [value box][name-in-slider][∿]
[PASS] the parameter name lives inside the slider
[PASS] the fill position follows the value
[PASS] dragging the slider moves the fill with it
[PASS] floats left-align in the value box, integers right
[PASS] the native range is a transparent overlay
[PASS] a generator-driven row hands the fill to its marker
[PASS] a manual row keeps its own fill and marker line
[PASS] a 0/1 int is a square latching box, not a checkbox
[PASS] the toggle and enum label their box from beside it
[PASS] the string row is one row tall, like every other kind
[PASS] a mixed text aggregate keeps its word and shared hatch
[PASS] text rows offer no generator
[PASS] a toggle carries the ∿ icon like any numeric row
[PASS] an enum renders its manifest option labels
[PASS] choosing an enum option sends its integer index
[PASS] an event declaration renders exactly arity boxes
[PASS] the event row is live with a single fire button
[PASS] the event row reads fire · elements · name
[PASS] a periodic generator shows dots, not a stale number
[PASS] a marker-bearing slider does not pulse — it shows the value exactly
[PASS] a fade keeps its number: the rAF animator samples it
[PASS] a generator-driven toggle pulses instead of flashing a value
[PASS] a generator-driven enum pulses too
[PASS] a disagreeing aggregate hatches its slider
[PASS] editing a mixed row renders it solid at the new value
[PASS] editing a mixed row sends the value to every member
[PASS] a nested branch is a disclosure accordion, open by default
[PASS] the accordion's children indent 12px
[PASS] an open branch shows the ▾ disclosure glyph
Traceback (most recent call last):
  File "/Users/bob/repos/bopOS/tests/verify_control_surface_component.py", line 1005, in <module>
    raise SystemExit(main())
                     ~~~~^^
  File "/Users/bob/repos/bopOS/tests/verify_control_surface_component.py", line 925, in main
    and not page.locator(child).is_visible(),
            ~~~~~~~~~~~~~~~~~~~~~~~~~~~~~~^^
  File "/Users/bob/.venvs/bopos/lib/python3.14/site-packages/playwright/sync_api/_generated.py", line 19458, in is_visible
    self._sync(self._impl_obj.is_visible(timeout=to_milliseconds(timeout)))
    ~~~~~~~~~~^^^^^^^^^^^^^^^^^^^^^^^^^^^^^^^^^^^^^^^^^^^^^^^^^^^^^^^^^^^^^
  File "/Users/bob/.venvs/bopos/lib/python3.14/site-packages/playwright/_impl/_sync_base.py", line 115, in _sync
    return task.result()
           ~~~~~~~~~~~^^
  File "/Users/bob/.venvs/bopos/lib/python3.14/site-packages/playwright/_impl/_locator.py", line 548, in is_visible
    return await self._frame.is_visible(
           ^^^^^^^^^^^^^^^^^^^^^^^^^^^^^
    ...<2 lines>...
    )
    ^
  File "/Users/bob/.venvs/bopos/lib/python3.14/site-packages/playwright/_impl/_frame.py", line 433, in is_visible
    return await self._channel.send(
           ^^^^^^^^^^^^^^^^^^^^^^^^^
        "isVisible", self._timeout, locals_to_params(locals())
        ^^^^^^^^^^^^^^^^^^^^^^^^^^^^^^^^^^^^^^^^^^^^^^^^^^^^^^
    )
    ^
  File "/Users/bob/.venvs/bopos/lib/python3.14/site-packages/playwright/_impl/_connection.py", line 69, in send
    return await self._connection.wrap_api_call(
           ^^^^^^^^^^^^^^^^^^^^^^^^^^^^^^^^^^^^^
    ...<3 lines>...
    )
    ^
  File "/Users/bob/.venvs/bopos/lib/python3.14/site-packages/playwright/_impl/_connection.py", line 563, in wrap_api_call
    raise rewrite_error(error, f"{parsed_st['apiName']}: {error}") from None
playwright._impl._errors.Error: Locator.is_visible: Error: strict mode violation: locator(".live-card[data-live-scope=\"seat\"] .promoted-controls .live-param-branch[data-param-branch=\"filter\"] input[data-param-path=\"filter/cutoff\"]") resolved to 2 elements:
    1) <input min="0" max="1" step="0.01" value="0.5" type="range" data-live-id="1" data-live-param="" aria-label="cutoff" data-live-scope="seat" data-param-name="cutoff" data-param-path="filter/cutoff"/> aka get_by_role("article").filter(has_text="FredaSeat 1 · online ⋯ Send").get_by_label("cutoff", exact=True)
    2) <input min="0" max="1" step="0.01" value="0.5" type="range" data-live-id="2" data-live-param="" aria-label="cutoff" data-live-scope="seat" data-param-name="cutoff" data-param-path="filter/cutoff"/> aka get_by_role("article").filter(has_text="SparksSeat 2 · online ⋯ Send").get_by_label("cutoff", exact=True)

Call log:
    - checking visibility of locator(".live-card[data-live-scope=\"seat\"] .promoted-controls .live-param-branch[data-param-branch=\"filter\"] input[data-param-path=\"filter/cutoff\"]")
