[PASS] Control tab shows every manifest parameter
[PASS] Control preserves the nested texture branch
[PASS] unflagged numeric params retain generator authoring
[PASS] every Remote target card shows each flagged parameter once
[PASS] Device control shows every manifest parameter
[PASS] desktop Device Actions ignore the Remote allowlist
[PASS] Remote command editor is a visible venue sibling
[PASS] venue command choices reflect installation state
[PASS] venue command save does not dirty or rewrite the manifest
[PASS] venue command save leaves patch content untouched
[PASS] Remote puts the venue subset on every target card
[PASS] Remote has no command strip outside its target cards
[PASS] venue command choices survive dashboard reload
[PASS] Patch-tab declaration editor uses the explicit kind grammar
[PASS] Patch-tab declaration editor has no legacy type selector
[PASS] kind changes replace inferred enum and toggle fields
[PASS] Patch-tab checkbox is labelled Remote
[PASS] parameter drag changes only presentation order
[PASS] event drag reorders within the Events section
[PASS] cross-section drag is a no-op
[PASS] saved manifest persists parameter and event order
[PASS] Control panel follows the saved parameter order
[PASS] Control panel follows the saved event order
[PASS] browser surfaces emitted no page errors

Manifest parameter visibility checks passed
